Archive member included because of file (symbol)

../../../ss/runtime/libxe/libxert.a(xe-edt.o)
                              lulesh.o (ocrFinish)
../../../ss/runtime/libxe/libxert.a(xe-edt-header.o)
                              ../../../ss/runtime/libxe/xe-header.o (edtHeader)
../../../ss/runtime/libxe/libxert.a(xe-console.o)
                              lulesh.o (xe_printf)
../../../ss/runtime/libxe/libxert.a(edt-main.o)
                              ../../../ss/runtime/libxe/xe-header.o (ocrMain)
../../../ss/runtime/libxe/libxert.a(xe-allocators.o)
                              ../../../ss/runtime/libxe/libxert.a(xe-edt-header.o) (xeInitializeMemories)
../../../ss/runtime/libxe/libxert.a(xe-memory.o)
                              MEM.o (ocrDbCreate)
../../../ss/runtime/libxe/libxert.a(xe-tlsf-allocator.o)
                              ../../../ss/runtime/libxe/libxert.a(xe-allocators.o) (tlsfInit)
../../../ss/runtime/libxe/libxert.a(xe-guid-allocator.o)
                              ../../../ss/runtime/libxe/libxert.a(xe-allocators.o) (guidAllocInit)
../../../ss/runtime/libxe/libxert.a(xe-utils.o)
                              ../../../ss/runtime/libxe/libxert.a(xe-tlsf-allocator.o) (fls32)
../../../ss/runtime/libxe/libxert.a(xe-dumper.o)
                              ../../../ss/runtime/libxe/libxert.a(xe-guid-allocator.o) (dumpGuid)

Memory Configuration

Name             Origin             Length             Attributes
LOCAL_RAM        0x0000000000000000 0x0000000000040000
BLOCK0_RAM       0x0000000000200000 0x0000000000140000
BLOCK1_RAM       0x0000000000400000 0x0000000000140000
CHIP_DRAM        0x0000000200000000 0x0000000020000000
*default*        0x0000000000000000 0xffffffffffffffff

Linker script and memory map


.xe_tls         0x0000000000000000       0x10
                0x0000000000000000                _fxetls = ABSOLUTE (.)
 xe-tls.o(.bss_local)
 .bss_local     0x0000000000000000       0x10 ../../../ss/runtime/libxe/xe-tls.o
                0x0000000000000000                __xeTls
                0x0000000000000010                _exetls = ABSOLUTE (.)

.text           0x0000000000000010    0x160a0
                0x0000000000000010                . = ALIGN (0x8)
                0x0000000000000010                _start = ABSOLUTE (.)
                0x0000000000000010                _ftext = ABSOLUTE (.)
 xe-header.o(.text)
 .text          0x0000000000000010       0xa0 ../../../ss/runtime/libxe/xe-header.o
                0x00000000000000b0                einit = ABSOLUTE (.)
 *(.init)
                0x00000000000000b0                eprol = ABSOLUTE (.)
 *(.text)
 .text          0x00000000000000b0        0x0 ../../../ss/runtime/libxe/xe-tls.o
 .text          0x00000000000000b0     0x6648 lulesh.o
                0x00000000000000b0                mainEdt
                0x000000000000038c                beginEdt
                0x00000000000003f4                middleEdt
                0x0000000000002b50                endEdt
 .text          0x00000000000066f8       0xf8 AMO.o
                0x00000000000066f8                AMO__sync_addition_double
                0x000000000000676c                AMO__sync_fetch_and_add_uint64_t
                0x0000000000006774                AMO__sync_val_compare_and_swap_uint64_t
                0x0000000000006780                AMO__sync_bool_compare_and_swap_uint64_t
                0x0000000000006794                AMO__sync_fetch_and_add_int64_t
                0x000000000000679c                AMO__sync_val_compare_and_swap_int64_t
                0x00000000000067a8                AMO__sync_bool_compare_and_swap_int64_t
                0x00000000000067bc                AMO__lock_uint64_t
                0x00000000000067d4                AMO__unlock_uint64_t
 .text          0x00000000000067f0      0x660 MEM.o
                0x00000000000067f0                domain_create
                0x0000000000006998                domain_destroy
                0x0000000000006a5c                dram_alloc
                0x0000000000006b44                dram_free
                0x0000000000006b48                spad_alloc
                0x0000000000006cfc                spad_free
 .text          0x0000000000006e50       0xd8 FP.o
                0x0000000000006e50                SQRT
                0x0000000000006e90                CBRT
                0x0000000000006ed0                FABS
                0x0000000000006ee8                FMAX
                0x0000000000006f14                FMIN
 .text          0x0000000000006f28      0x2e8 e_sqrt.o
                0x0000000000006f28                __ieee754_sqrt
 .text          0x0000000000007210      0x238 s_cbrt.o
                0x0000000000007210                cbrt
 .text          0x0000000000007448     0x5870 RAG_edt.o
                0x0000000000007448                domain_AllocateNodalPersistent_edt_1
                0x00000000000074e4                domain_AllocateElemPersistent_edt_1
                0x000000000000754c                InitStressTermsForElems_edt_1
                0x00000000000075c8                IntegrateStressForElems_edt_1
                0x0000000000008220                CalcFBHourglassForceForElems_edt_1
                0x0000000000008f74                CalcHourglassControlForElems_edt_1
                0x000000000000992c                CalcVolumeForceForElems_edt_1
                0x0000000000009a10                CalcForceForNodes_edt_1
                0x0000000000009a68                CalcAccelerationForNodes_edt_1
                0x0000000000009b20                ApplyAccelerationBoundaryConditionsForNodes_edt_1
                0x0000000000009b9c                CalcVelocityForNodes_edt_1
                0x0000000000009d20                CalcPositionForNodes_edt_1
                0x0000000000009dc0                CalcKinematicsForElems_edt_1
                0x000000000000a9dc                CalcLagrangeElements_edt_1
                0x000000000000ab5c                CalcMonotonicQGradientsForElems_edt_1
                0x000000000000b530                CalcMonotonicQRegionForElems_edt_1
                0x000000000000b944                CalcQForElems_edt_1
                0x000000000000b9b0                CalcPressureForElems_edt_1
                0x000000000000bb48                CalcEnergyForElems_edt_1
                0x000000000000bbdc                CalcEnergyForElems_edt_2
                0x000000000000be98                CalcEnergyForElems_edt_3
                0x000000000000c140                CalcEnergyForElems_edt_4
                0x000000000000c31c                CalcSoundSpeedForElems_edt_1
                0x000000000000c480                EvalEOSForElems_edt_1
                0x000000000000c550                EvalEOSForElems_edt_2
                0x000000000000c7d0                EvalEOSForElems_edt_3
                0x000000000000c854                ApplyMaterialPropertiesForElems_edt_1
                0x000000000000c8a4                ApplyMaterialPropertiesForElems_edt_2
                0x000000000000c940                ApplyMaterialPropertiesForElems_edt_3
                0x000000000000ca88                UpdateVolumesForElems_edt_1
                0x000000000000cb5c                CalcHydroConstraintForElems_edt_1
 .text          0x000000000000ccb8      0x468 ../../../ss/runtime/libxe/libxert.a(xe-edt.o)
                0x000000000000ccb8                ocrEventCreate
                0x000000000000ccf8                ocrEventSatisfy
                0x000000000000cd2c                ocrEventDestroy
                0x000000000000cd5c                ocrEdtCreate
                0x000000000000cf70                ocrEdtSchedule
                0x000000000000cfa0                ocrEdtDestroy
                0x000000000000cfd0                ocrAddDependence
                0x000000000000d008                ocrFinish
                0x000000000000d028                xe_coreid_test
 .text          0x000000000000d120       0xf8 ../../../ss/runtime/libxe/libxert.a(xe-edt-header.o)
                0x000000000000d120                edtHeader
 .text          0x000000000000d218      0x940 ../../../ss/runtime/libxe/libxert.a(xe-console.o)
                0x000000000000d218                xe_snprintf
                0x000000000000dad4                conout
                0x000000000000daec                xe_printf
 .text          0x000000000000db58      0x608 ../../../ss/runtime/libxe/libxert.a(edt-main.o)
                0x000000000000db58                ocrMain
 .text          0x000000000000e160      0xdb0 ../../../ss/runtime/libxe/libxert.a(xe-allocators.o)
                0x000000000000e160                xeInitializeMemories
                0x000000000000e84c                xeFinalizeMemories
 .text          0x000000000000ef10     0x27a0 ../../../ss/runtime/libxe/libxert.a(xe-memory.o)
                0x000000000000ef10                ocrDbCreate
                0x000000000000f908                ocrDbDestroy
                0x0000000000010078                ocrDbAcquire
                0x0000000000010750                ocrDbRelease
                0x0000000000010c7c                xeMalloc
                0x0000000000010d10                xeFree
                0x0000000000010dd0                xeRealloc
 .text          0x00000000000116b0     0x3408 ../../../ss/runtime/libxe/libxert.a(xe-tlsf-allocator.o)
                0x00000000000116b0                addressForBlock
                0x00000000000116b8                blockForAddress
                0x00000000000116e4                addFreeBlock
                0x0000000000012020                tlsfInit
                0x0000000000012684                tlsfResize
                0x00000000000126b4                tlsfMalloc
                0x0000000000013914                tlsfFree
                0x0000000000013fc0                tlsfRealloc
                0x0000000000014430                tlsfExtraToPtr
                0x0000000000014438                tlsfPtrToExtra
 .text          0x0000000000014ab8      0xec0 ../../../ss/runtime/libxe/libxert.a(xe-guid-allocator.o)
                0x0000000000014ab8                guidAllocInit
                0x0000000000014ee4                guidAllocResize
                0x0000000000014f24                guidAllocMalloc
                0x0000000000015288                guidAllocFree
                0x00000000000154e0                guidAllocRealloc
                0x0000000000015624                guidExtraToPtr
                0x0000000000015650                guidPtrToExtra
                0x00000000000156c8                guidAllocWalk
 .text          0x0000000000015978      0x188 ../../../ss/runtime/libxe/libxert.a(xe-utils.o)
                0x0000000000015978                fls16
                0x00000000000159d0                fls32
                0x0000000000015a44                fls64
 .text          0x0000000000015b00      0x5b0 ../../../ss/runtime/libxe/libxert.a(xe-dumper.o)
                0x0000000000015b00                dumpDb
                0x0000000000015fac                dumpGuid
 *(.fini)
                0x00000000000160b0                etext = ABSOLUTE (.)
                0x00000000000160b0                _etext = ABSOLUTE (.)

.rodata_local   0x00000000000160b0     0x2abb
 *(.rodata_local*)
 .rodata_local.cst8
                0x00000000000160b0       0x80 lulesh.o
                                         0x88 (size before relaxing)
 .rodata_local  0x0000000000016130     0x1605 lulesh.o
 .rodata_local  0x0000000000017735      0x16c MEM.o
 *fill*         0x00000000000178a1        0x7 00
 .rodata_local.cst8
                0x00000000000178a8       0x30 s_cbrt.o
 .rodata_local.cst8
                0x00000000000178d8       0x28 RAG_edt.o
                                         0x58 (size before relaxing)
 .rodata_local  0x0000000000017900      0x110 RAG_edt.o
 .rodata_local  0x0000000000017a10      0x104 ../../../ss/runtime/libxe/libxert.a(xe-edt.o)
 .rodata_local  0x0000000000017b14       0x6a ../../../ss/runtime/libxe/libxert.a(xe-edt-header.o)
 .rodata_local  0x0000000000017b7e       0x51 ../../../ss/runtime/libxe/libxert.a(edt-main.o)
 .rodata_local  0x0000000000017bcf      0x23b ../../../ss/runtime/libxe/libxert.a(xe-allocators.o)
 .rodata_local  0x0000000000017e0a      0x59f ../../../ss/runtime/libxe/libxert.a(xe-memory.o)
 .rodata_local  0x00000000000183a9      0x273 ../../../ss/runtime/libxe/libxert.a(xe-tlsf-allocator.o)
 .rodata_local  0x000000000001861c      0x3a2 ../../../ss/runtime/libxe/libxert.a(xe-guid-allocator.o)
 .rodata_local  0x00000000000189be      0x1ad ../../../ss/runtime/libxe/libxert.a(xe-dumper.o)

.data_local     0x0000000000018b70       0xc8
                0x0000000000018b70                . = ALIGN (0x8)
                0x0000000000018b70                _fdata_local = ABSOLUTE (.)
 *(.data_local)
 .data_local    0x0000000000018b70        0x0 ../../../ss/runtime/libxe/xe-tls.o
 .data_local    0x0000000000018b70        0x8 ../../../ss/runtime/libxe/xe-header.o
                0x0000000000018b70                rmd_crt_sp_base
 .data_local    0x0000000000018b78        0x0 lulesh.o
 .data_local    0x0000000000018b78       0x10 AMO.o
                0x0000000000018b78                pidamax_lock
                0x0000000000018b80                pidamin_lock
 .data_local    0x0000000000018b88       0x10 MEM.o
 .data_local    0x0000000000018b98        0x0 FP.o
 .data_local    0x0000000000018b98        0x0 e_sqrt.o
 .data_local    0x0000000000018b98        0x0 s_cbrt.o
 .data_local    0x0000000000018b98        0x0 RAG_edt.o
 .data_local    0x0000000000018b98        0x0 ../../../ss/runtime/libxe/libxert.a(xe-edt.o)
 .data_local    0x0000000000018b98        0x0 ../../../ss/runtime/libxe/libxert.a(xe-edt-header.o)
 .data_local    0x0000000000018b98       0x20 ../../../ss/runtime/libxe/libxert.a(xe-console.o)
 .data_local    0x0000000000018bb8        0x0 ../../../ss/runtime/libxe/libxert.a(edt-main.o)
 .data_local    0x0000000000018bb8       0x80 ../../../ss/runtime/libxe/libxert.a(xe-allocators.o)
                0x0000000000018bb8                xePgRoutines
 .data_local    0x0000000000018c38        0x0 ../../../ss/runtime/libxe/libxert.a(xe-memory.o)
 .data_local    0x0000000000018c38        0x0 ../../../ss/runtime/libxe/libxert.a(xe-tlsf-allocator.o)
 .data_local    0x0000000000018c38        0x0 ../../../ss/runtime/libxe/libxert.a(xe-guid-allocator.o)
 .data_local    0x0000000000018c38        0x0 ../../../ss/runtime/libxe/libxert.a(xe-utils.o)
 .data_local    0x0000000000018c38        0x0 ../../../ss/runtime/libxe/libxert.a(xe-dumper.o)
                0x0000000000018c38                edata_local = ABSOLUTE (.)
                0x0000000000018c38                _edata_local = ABSOLUTE (.)

.bss_local      0x0000000000018c38      0x548
                0x0000000000018c38                . = ALIGN (0x8)
                0x0000000000018c38                _fbss_local = ABSOLUTE (.)
 *(.bss_local)
 .bss_local     0x0000000000018c38        0x0 ../../../ss/runtime/libxe/xe-header.o
 .bss_local     0x0000000000018c38       0x68 lulesh.o
                0x0000000000018c38                NULL_GUID
 .bss_local     0x0000000000018ca0       0x10 AMO.o
 .bss_local     0x0000000000018cb0      0x328 MEM.o
                0x0000000000018cb0                spad_dbGuid_stack_top
                0x0000000000018cb8                spad_dbGuid_stack
 .bss_local     0x0000000000018fd8        0x0 FP.o
 .bss_local     0x0000000000018fd8        0x0 e_sqrt.o
 .bss_local     0x0000000000018fd8        0x0 s_cbrt.o
 .bss_local     0x0000000000018fd8        0x0 RAG_edt.o
 .bss_local     0x0000000000018fd8        0x0 ../../../ss/runtime/libxe/libxert.a(xe-edt.o)
 .bss_local     0x0000000000018fd8       0x40 ../../../ss/runtime/libxe/libxert.a(xe-edt-header.o)
                0x0000000000018fd8                GmyXe
 .bss_local     0x0000000000019018       0x80 ../../../ss/runtime/libxe/libxert.a(xe-console.o)
 .bss_local     0x0000000000019098        0x0 ../../../ss/runtime/libxe/libxert.a(edt-main.o)
 .bss_local     0x0000000000019098       0xe8 ../../../ss/runtime/libxe/libxert.a(xe-allocators.o)
                0x0000000000019098                GoffloadStart
                0x00000000000190a0                GoffloadCount
                0x00000000000190a4                GoffloadMax
                0x00000000000190a8                GacquiredStart
                0x00000000000190b0                GacquiredCount
                0x00000000000190b4                GacquiredMax
                0x00000000000190b8                xePlaygrounds
                0x0000000000019178                xePlaygroundsFromCe
 .bss_local     0x0000000000019180        0x0 ../../../ss/runtime/libxe/libxert.a(xe-memory.o)
 .bss_local     0x0000000000019180        0x0 ../../../ss/runtime/libxe/libxert.a(xe-tlsf-allocator.o)
 .bss_local     0x0000000000019180        0x0 ../../../ss/runtime/libxe/libxert.a(xe-guid-allocator.o)
 .bss_local     0x0000000000019180        0x0 ../../../ss/runtime/libxe/libxert.a(xe-utils.o)
 .bss_local     0x0000000000019180        0x0 ../../../ss/runtime/libxe/libxert.a(xe-dumper.o)
                0x0000000000019180                ebss_local = ABSOLUTE (.)
                0x0000000000019180                _ebss_local = ABSOLUTE (.)
                0x0000000000019180                end_local = ABSOLUTE (.)
                0x0000000000019180                _end_local = ABSOLUTE (.)

.rodata_block
 *(.rodata_block)

.data_block     0x0000000000200000        0x0
                0x0000000000200000                . = ALIGN (0x8)
                0x0000000000200000                _fdata_block = ABSOLUTE (.)
 *(.data_block)
 .data_block    0x0000000000200000        0x0 ../../../ss/runtime/libxe/xe-tls.o
 .data_block    0x0000000000200000        0x0 ../../../ss/runtime/libxe/xe-header.o
 .data_block    0x0000000000200000        0x0 lulesh.o
 .data_block    0x0000000000200000        0x0 AMO.o
 .data_block    0x0000000000200000        0x0 MEM.o
 .data_block    0x0000000000200000        0x0 FP.o
 .data_block    0x0000000000200000        0x0 e_sqrt.o
 .data_block    0x0000000000200000        0x0 s_cbrt.o
 .data_block    0x0000000000200000        0x0 RAG_edt.o
 .data_block    0x0000000000200000        0x0 ../../../ss/runtime/libxe/libxert.a(xe-edt.o)
 .data_block    0x0000000000200000        0x0 ../../../ss/runtime/libxe/libxert.a(xe-edt-header.o)
 .data_block    0x0000000000200000        0x0 ../../../ss/runtime/libxe/libxert.a(xe-console.o)
 .data_block    0x0000000000200000        0x0 ../../../ss/runtime/libxe/libxert.a(edt-main.o)
 .data_block    0x0000000000200000        0x0 ../../../ss/runtime/libxe/libxert.a(xe-allocators.o)
 .data_block    0x0000000000200000        0x0 ../../../ss/runtime/libxe/libxert.a(xe-memory.o)
 .data_block    0x0000000000200000        0x0 ../../../ss/runtime/libxe/libxert.a(xe-tlsf-allocator.o)
 .data_block    0x0000000000200000        0x0 ../../../ss/runtime/libxe/libxert.a(xe-guid-allocator.o)
 .data_block    0x0000000000200000        0x0 ../../../ss/runtime/libxe/libxert.a(xe-utils.o)
 .data_block    0x0000000000200000        0x0 ../../../ss/runtime/libxe/libxert.a(xe-dumper.o)
                0x0000000000200000                edata_block = ABSOLUTE (.)
                0x0000000000200000                _edata_block = ABSOLUTE (.)

.bss_block      0x0000000000200000        0x0
                0x0000000000200000                . = ALIGN (0x8)
                0x0000000000200000                _fbss_block = ABSOLUTE (.)
 *(.bss_block)
 .bss_block     0x0000000000200000        0x0 ../../../ss/runtime/libxe/xe-tls.o
 .bss_block     0x0000000000200000        0x0 ../../../ss/runtime/libxe/xe-header.o
 .bss_block     0x0000000000200000        0x0 lulesh.o
 .bss_block     0x0000000000200000        0x0 AMO.o
 .bss_block     0x0000000000200000        0x0 MEM.o
 .bss_block     0x0000000000200000        0x0 FP.o
 .bss_block     0x0000000000200000        0x0 e_sqrt.o
 .bss_block     0x0000000000200000        0x0 s_cbrt.o
 .bss_block     0x0000000000200000        0x0 RAG_edt.o
 .bss_block     0x0000000000200000        0x0 ../../../ss/runtime/libxe/libxert.a(xe-edt.o)
 .bss_block     0x0000000000200000        0x0 ../../../ss/runtime/libxe/libxert.a(xe-edt-header.o)
 .bss_block     0x0000000000200000        0x0 ../../../ss/runtime/libxe/libxert.a(xe-console.o)
 .bss_block     0x0000000000200000        0x0 ../../../ss/runtime/libxe/libxert.a(edt-main.o)
 .bss_block     0x0000000000200000        0x0 ../../../ss/runtime/libxe/libxert.a(xe-allocators.o)
 .bss_block     0x0000000000200000        0x0 ../../../ss/runtime/libxe/libxert.a(xe-memory.o)
 .bss_block     0x0000000000200000        0x0 ../../../ss/runtime/libxe/libxert.a(xe-tlsf-allocator.o)
 .bss_block     0x0000000000200000        0x0 ../../../ss/runtime/libxe/libxert.a(xe-guid-allocator.o)
 .bss_block     0x0000000000200000        0x0 ../../../ss/runtime/libxe/libxert.a(xe-utils.o)
 .bss_block     0x0000000000200000        0x0 ../../../ss/runtime/libxe/libxert.a(xe-dumper.o)
                0x0000000000200000                ebss_block = ABSOLUTE (.)
                0x0000000000200000                _ebss_block = ABSOLUTE (.)
                0x0000000000200000                end_block = ABSOLUTE (.)
                0x0000000000200000                _end_block = ABSOLUTE (.)

.rodata
 *(.rodata)

.data           0x0000000200000000        0x0
                0x0000000200000000                . = ALIGN (0x8)
                0x0000000200000000                _fdata = ABSOLUTE (.)
 *(.data)
 .data          0x0000000200000000        0x0 ../../../ss/runtime/libxe/xe-tls.o
 .data          0x0000000200000000        0x0 ../../../ss/runtime/libxe/xe-header.o
 .data          0x0000000200000000        0x0 lulesh.o
 .data          0x0000000200000000        0x0 AMO.o
 .data          0x0000000200000000        0x0 MEM.o
 .data          0x0000000200000000        0x0 FP.o
 .data          0x0000000200000000        0x0 e_sqrt.o
 .data          0x0000000200000000        0x0 s_cbrt.o
 .data          0x0000000200000000        0x0 RAG_edt.o
 .data          0x0000000200000000        0x0 ../../../ss/runtime/libxe/libxert.a(xe-edt.o)
 .data          0x0000000200000000        0x0 ../../../ss/runtime/libxe/libxert.a(xe-edt-header.o)
 .data          0x0000000200000000        0x0 ../../../ss/runtime/libxe/libxert.a(xe-console.o)
 .data          0x0000000200000000        0x0 ../../../ss/runtime/libxe/libxert.a(edt-main.o)
 .data          0x0000000200000000        0x0 ../../../ss/runtime/libxe/libxert.a(xe-allocators.o)
 .data          0x0000000200000000        0x0 ../../../ss/runtime/libxe/libxert.a(xe-memory.o)
 .data          0x0000000200000000        0x0 ../../../ss/runtime/libxe/libxert.a(xe-tlsf-allocator.o)
 .data          0x0000000200000000        0x0 ../../../ss/runtime/libxe/libxert.a(xe-guid-allocator.o)
 .data          0x0000000200000000        0x0 ../../../ss/runtime/libxe/libxert.a(xe-utils.o)
 .data          0x0000000200000000        0x0 ../../../ss/runtime/libxe/libxert.a(xe-dumper.o)
                0x0000000200000000                edata = ABSOLUTE (.)
                0x0000000200000000                _edata = ABSOLUTE (.)

.bss            0x0000000200000000        0x0
                0x0000000200000000                . = ALIGN (0x8)
                0x0000000200000000                _fbss = ABSOLUTE (.)
 *(.bss)
 .bss           0x0000000200000000        0x0 ../../../ss/runtime/libxe/xe-tls.o
 .bss           0x0000000200000000        0x0 ../../../ss/runtime/libxe/xe-header.o
 .bss           0x0000000200000000        0x0 lulesh.o
 .bss           0x0000000200000000        0x0 AMO.o
 .bss           0x0000000200000000        0x0 MEM.o
 .bss           0x0000000200000000        0x0 FP.o
 .bss           0x0000000200000000        0x0 e_sqrt.o
 .bss           0x0000000200000000        0x0 s_cbrt.o
 .bss           0x0000000200000000        0x0 RAG_edt.o
 .bss           0x0000000200000000        0x0 ../../../ss/runtime/libxe/libxert.a(xe-edt.o)
 .bss           0x0000000200000000        0x0 ../../../ss/runtime/libxe/libxert.a(xe-edt-header.o)
 .bss           0x0000000200000000        0x0 ../../../ss/runtime/libxe/libxert.a(xe-console.o)
 .bss           0x0000000200000000        0x0 ../../../ss/runtime/libxe/libxert.a(edt-main.o)
 .bss           0x0000000200000000        0x0 ../../../ss/runtime/libxe/libxert.a(xe-allocators.o)
 .bss           0x0000000200000000        0x0 ../../../ss/runtime/libxe/libxert.a(xe-memory.o)
 .bss           0x0000000200000000        0x0 ../../../ss/runtime/libxe/libxert.a(xe-tlsf-allocator.o)
 .bss           0x0000000200000000        0x0 ../../../ss/runtime/libxe/libxert.a(xe-guid-allocator.o)
 .bss           0x0000000200000000        0x0 ../../../ss/runtime/libxe/libxert.a(xe-utils.o)
 .bss           0x0000000200000000        0x0 ../../../ss/runtime/libxe/libxert.a(xe-dumper.o)
 *(COMMON)
                0x0000000200000000                ebss = ABSOLUTE (.)
                0x0000000200000000                _ebss = ABSOLUTE (.)
                0x0000000200000000                end = ABSOLUTE (.)
                0x0000000200000000                _end = ABSOLUTE (.)
LOAD lulesh.o
LOAD AMO.o
LOAD MEM.o
LOAD FP.o
LOAD e_sqrt.o
LOAD s_cbrt.o
LOAD RAG_edt.o
LOAD ../../../ss/runtime/libxe/libxert.a
OUTPUT(lulesh elf32-rmd)
