Archive member included because of file (symbol)

../../ss/runtime/libxe/libxert.a(xe-codelet.o)
                              uts-main.o (rmd_codelet_create)
../../ss/runtime/libxe/libxert.a(xe-codelet-header.o)
                              ../../ss/bin/rmd-linux-elf/lib/crt0_lxe.o (codelet_header)
../../ss/runtime/libxe/libxert.a(xe_console.o)
                              uts-main.o (xe_printf)
../../ss/runtime/libxe/libxert.a(codelet-main.o)
                              ../../ss/bin/rmd-linux-elf/lib/crt0_lxe.o (rmd_main)
../../ss/runtime/libxe/libxert.a(xe_allocators.o)
                              ../../ss/runtime/libxe/libxert.a(xe-codelet-header.o) (xe_initialize_memories)
../../ss/runtime/libxe/libxert.a(xe_memory.o)
                              uts-main.o (rmd_db_alloc)
../../ss/runtime/libxe/libxert.a(xe_tlsf-allocator.o)
                              ../../ss/runtime/libxe/libxert.a(xe_allocators.o) (tlsf_init)
../../ss/runtime/libxe/libxert.a(xe_guid-allocator.o)
                              ../../ss/runtime/libxe/libxert.a(xe_allocators.o) (guid_alloc_init)
../../ss/runtime/libxe/libxert.a(xe_utils.o)
                              ../../ss/runtime/libxe/libxert.a(xe_tlsf-allocator.o) (fls32)
../../ss/bin/rmd-linux-elf/lib/libc.a(lib_a-assert.o)
                              uts-main.o (__assert_func)
../../ss/bin/rmd-linux-elf/lib/libc.a(lib_a-atof.o)
                              uts.o (atof)
../../ss/bin/rmd-linux-elf/lib/libc.a(lib_a-atoi.o)
                              uts.o (atoi)
../../ss/bin/rmd-linux-elf/lib/libc.a(lib_a-exit.o)
                              uts-main.o (exit)
../../ss/bin/rmd-linux-elf/lib/libc.a(lib_a-fiprintf.o)
                              ../../ss/bin/rmd-linux-elf/lib/libc.a(lib_a-assert.o) (fiprintf)
../../ss/bin/rmd-linux-elf/lib/libc.a(lib_a-impure.o)
                              ../../ss/bin/rmd-linux-elf/lib/libc.a(lib_a-assert.o) (_impure_ptr)
../../ss/bin/rmd-linux-elf/lib/libc.a(lib_a-memcpy.o)
                              brg_sha1.o (memcpy)
../../ss/bin/rmd-linux-elf/lib/libc.a(lib_a-memset.o)
                              uts.o (memset)
../../ss/bin/rmd-linux-elf/lib/libc.a(lib_a-printf.o)
                              uts.o (printf)
../../ss/bin/rmd-linux-elf/lib/libc.a(lib_a-sprintf.o)
                              brg_sha1.o (sprintf)
../../ss/bin/rmd-linux-elf/lib/libc.a(lib_a-strcat.o)
                              uts-main.o (strcat)
../../ss/bin/rmd-linux-elf/lib/libc.a(lib_a-strerror.o)
                              uts-main.o (strerror)
../../ss/bin/rmd-linux-elf/lib/libc.a(lib_a-strlen.o)
                              uts-main.o (strlen)
../../ss/bin/rmd-linux-elf/lib/libc.a(lib_a-strtod.o)
                              ../../ss/bin/rmd-linux-elf/lib/libc.a(lib_a-atof.o) (strtod)
../../ss/bin/rmd-linux-elf/lib/libc.a(lib_a-strtol.o)
                              ../../ss/bin/rmd-linux-elf/lib/libc.a(lib_a-atoi.o) (_strtol_r)
../../ss/bin/rmd-linux-elf/lib/libc.a(lib_a-svfprintf.o)
                              ../../ss/bin/rmd-linux-elf/lib/libc.a(lib_a-sprintf.o) (_svfprintf_r)
../../ss/bin/rmd-linux-elf/lib/libc.a(lib_a-sysgettod.o)
                              uts.o (gettimeofday)
../../ss/bin/rmd-linux-elf/lib/libc.a(lib_a-u_strerr.o)
                              ../../ss/bin/rmd-linux-elf/lib/libc.a(lib_a-strerror.o) (_user_strerror)
../../ss/bin/rmd-linux-elf/lib/libc.a(lib_a-vfiprintf.o)
                              ../../ss/bin/rmd-linux-elf/lib/libc.a(lib_a-fiprintf.o) (_vfiprintf_r)
../../ss/bin/rmd-linux-elf/lib/libc.a(lib_a-vfprintf.o)
                              ../../ss/bin/rmd-linux-elf/lib/libc.a(lib_a-printf.o) (_vfprintf_r)
../../ss/bin/rmd-linux-elf/lib/libc.a(lib_a-wsetup.o)
                              ../../ss/bin/rmd-linux-elf/lib/libc.a(lib_a-vfiprintf.o) (__swsetup_r)
../../ss/bin/rmd-linux-elf/lib/libc.a(lib_a-__call_atexit.o)
                              ../../ss/bin/rmd-linux-elf/lib/libc.a(lib_a-exit.o) (__call_exitprocs)
../../ss/bin/rmd-linux-elf/lib/libc.a(lib_a-abort.o)
                              ../../ss/bin/rmd-linux-elf/lib/libc.a(lib_a-assert.o) (abort)
../../ss/bin/rmd-linux-elf/lib/libc.a(lib_a-ctype_.o)
                              ../../ss/bin/rmd-linux-elf/lib/libc.a(lib_a-strtol.o) (__ctype_ptr__)
../../ss/bin/rmd-linux-elf/lib/libc.a(lib_a-dtoa.o)
                              ../../ss/bin/rmd-linux-elf/lib/libc.a(lib_a-svfprintf.o) (_dtoa_r)
../../ss/bin/rmd-linux-elf/lib/libc.a(lib_a-fflush.o)
                              ../../ss/bin/rmd-linux-elf/lib/libc.a(lib_a-vfiprintf.o) (_fflush_r)
../../ss/bin/rmd-linux-elf/lib/libc.a(lib_a-findfp.o)
                              ../../ss/bin/rmd-linux-elf/lib/libc.a(lib_a-printf.o) (__sinit)
../../ss/bin/rmd-linux-elf/lib/libc.a(lib_a-fputwc.o)
                              ../../ss/bin/rmd-linux-elf/lib/libc.a(lib_a-vfiprintf.o) (_fputwc_r)
../../ss/bin/rmd-linux-elf/lib/libc.a(lib_a-fvwrite.o)
[...]
Memory Configuration

Name             Origin             Length             Attributes
LOCAL_RAM        0x0000000000000000 0x0000000000100000
LOCAL_PRF        0x0000000000010000 0x0000000000001000
LOCAL_MSR        0x0000000000011000 0x0000000000000200
LOCAL_PMU        0x0000000000011200 0x0000000000000400
BLOCK0_MSRPMU    0x0000000000000000 0x0000000000000800
BLOCK0_RAM       0x0000000000002000 0x00000000000a0000
BLOCK1_MSRPMU    0x0000000000100000 0x0000000000000800
BLOCK1_RAM       0x0000000000102000 0x00000000000a0000
CHIP_DRAM        0x0000000003030000 0x00000001fcfd0000
*default*        0x0000000000000000 0xffffffffffffffff

Linker script and memory map


.text           0x0000000000000000    0x273c0
                0x0000000000000000                _ftext = .
 crt0_lxe.o(.text)
 .text          0x0000000000000000       0xb8 ../../ss/bin/rmd-linux-elf/lib/crt0_lxe.o
                0x0000000000000000                _start
                0x00000000000000b0                rmd_crt_sp_base
                0x00000000000000b8                einit = .
 *(.init)
                0x00000000000000b8                eprol = .
 *(.text)
 .text          0x00000000000000b8     0x71d8 uts-main.o
                0x00000000000000b8                RAG_struct_copy
                0x0000000000000148                pTS_return_codelet
                0x0000000000000b08                pTS_finish_codelet
                0x0000000000001d10                pTS_body_codelet
                0x0000000000003e90                parTreeSearch
                0x0000000000004980                main_pre
                0x00000000000052f8                main_post
                0x00000000000054c8                main_post_codelet
                0x0000000000005b58                main_pre_codelet
                0x0000000000006650                main_codelet
                0x0000000000007118                impl_paramsToStr
                0x00000000000071b0                impl_parseParam
                0x00000000000071f0                impl_helpMessage
                0x0000000000007248                impl_abort
 .text          0x0000000000007290     0x2990 brg_sha1.o
                0x0000000000007290                rng_init
                0x00000000000073c0                sha1_begin
                0x0000000000007458                sha1_hash
                0x0000000000007680                sha1_end
                0x00000000000078f0                rng_spawn
                0x00000000000079e8                rng_rand
                0x0000000000007a70                rng_nextrand
                0x0000000000007b40                rng_showstate
                0x0000000000007bd8                rng_showtype
                0x0000000000007c68                sha1_compile
                0x0000000000009b90                sha1
 .text          0x0000000000009c20     0x2308 uts.o
                0x0000000000009c20                uts_error
                0x0000000000009cb0                uts_wctime
                0x0000000000009d30                rng_toProb
                0x0000000000009e08                uts_initRoot
                0x0000000000009f20                uts_numChildren_bin
                0x0000000000009fd8                uts_numChildren_geo
                0x000000000000a350                uts_numChildren
                0x000000000000a650                uts_childType
                0x000000000000a788                uts_paramsToStr
                0x000000000000aed0                uts_printParams
                0x000000000000b028                uts_parseParams
                0x000000000000b858                uts_helpMessage
                0x000000000000bc70                uts_showStats
 .text          0x000000000000bf28      0x340 ../../ss/runtime/libxe/libxert.a(xe-codelet.o)
                0x000000000000bf28                rmd_event_create
                0x000000000000bf60                rmd_event_satisfy
                0x000000000000bfa0                rmd_event_delete
                0x000000000000bfd8                rmd_codelet_create
                0x000000000000c010                rmd_codelet_sched
                0x000000000000c048                rmd_codelet_satisfy
                0x000000000000c088                rmd_codelet_delete
                0x000000000000c0c0                rmd_dep_add
                0x000000000000c100                rmd_dep_delete
                0x000000000000c140                rmd_complete
                0x000000000000c160                xe_coreid_test
 .text          0x000000000000c268       0xa8 ../../ss/runtime/libxe/libxert.a(xe-codelet-header.o)
                0x000000000000c268                codelet_header
 .text          0x000000000000c310      0x4a0 ../../ss/runtime/libxe/libxert.a(xe_console.o)
                0x000000000000c310                xe_snprintf
                0x000000000000c600                conout
                0x000000000000c618                xe_printf
 .text          0x000000000000c7b0      0x500 ../../ss/runtime/libxe/libxert.a(codelet-main.o)
                0x000000000000c7b0                rmd_main
 .text          0x000000000000ccb0      0x468 ../../ss/runtime/libxe/libxert.a(xe_allocators.o)
                0x000000000000ccb0                xe_initialize_memories
 .text          0x000000000000d118     0x1bc0 ../../ss/runtime/libxe/libxert.a(xe_memory.o)
                0x000000000000d118                rmd_db_alloc
                0x000000000000d978                rmd_db_free
                0x000000000000ddb0                rmd_db_acquire
                0x000000000000e318                rmd_db_release
                0x000000000000e628                xe_malloc
                0x000000000000e738                xe_free
                0x000000000000e8c8                xe_realloc
 .text          0x000000000000ecd8     0x2408 ../../ss/runtime/libxe/libxert.a(xe_tlsf-allocator.o)
                0x000000000000ecd8                addressForBlock
                0x000000000000ece8                blockForAddress
                0x000000000000ed28                addFreeBlock
                0x000000000000f200                tlsf_init
                0x000000000000f860                tlsf_resize
                0x000000000000f890                tlsf_malloc
                0x0000000000010458                tlsf_free
                0x00000000000108e0                tlsf_realloc
                0x0000000000010d60                tlsf_extra_to_ptr
                0x0000000000010d68                tlsf_ptr_to_extra
 .text          0x00000000000110e0      0x930 ../../ss/runtime/libxe/libxert.a(xe_guid-allocator.o)
                0x00000000000110e0                guid_alloc_init
                0x0000000000011378                guid_alloc_resize
                0x00000000000113b8                guid_alloc_malloc
                0x0000000000011678                guid_alloc_free
                0x00000000000117c8                guid_alloc_realloc
                0x0000000000011948                guid_extra_to_ptr
                0x0000000000011988                guid_ptr_to_extra
 .text          0x0000000000011a10      0x1d0 ../../ss/runtime/libxe/libxert.a(xe_utils.o)
                0x0000000000011a10                fls16
                0x0000000000011a98                fls32
                0x0000000000011b18                fls64
 .text          0x0000000000011be0       0xf0 ../../ss/bin/rmd-linux-elf/lib/libc.a(lib_a-assert.o)
                0x0000000000011be0                __assert_func
                0x0000000000011ca0                __assert
 .text          0x0000000000011cd0       0x48 ../../ss/bin/rmd-linux-elf/lib/libc.a(lib_a-atof.o)
                0x0000000000011cd0                atof
 .text          0x0000000000011d18       0x90 ../../ss/bin/rmd-linux-elf/lib/libc.a(lib_a-atoi.o)
                0x0000000000011d18                atoi
                0x0000000000011d60                _atoi_r
 .text          0x0000000000011da8       0x90 ../../ss/bin/rmd-linux-elf/lib/libc.a(lib_a-exit.o)
                0x0000000000011da8                exit
 .text          0x0000000000011e38       0xb0 ../../ss/bin/rmd-linux-elf/lib/libc.a(lib_a-fiprintf.o)
                0x0000000000011e38                _fiprintf_r
                0x0000000000011e80                fiprintf
 .text          0x0000000000011ee8        0x0 ../../ss/bin/rmd-linux-elf/lib/libc.a(lib_a-impure.o)
 .text          0x0000000000011ee8       0x40 ../../ss/bin/rmd-linux-elf/lib/libc.a(lib_a-memcpy.o)
                0x0000000000011ee8                memcpy
 .text          0x0000000000011f28       0x38 ../../ss/bin/rmd-linux-elf/lib/libc.a(lib_a-memset.o)
                0x0000000000011f28                memset
 .text          0x0000000000011f60      0x150 ../../ss/bin/rmd-linux-elf/lib/libc.a(lib_a-printf.o)
                0x0000000000011f60                _printf_r
                0x0000000000012000                printf
 .text          0x00000000000120b0      0x130 ../../ss/bin/rmd-linux-elf/lib/libc.a(lib_a-sprintf.o)
                0x00000000000120b0                _sprintf_r
                0x0000000000012140                sprintf
 .text          0x00000000000121e0       0x60 ../../ss/bin/rmd-linux-elf/lib/libc.a(lib_a-strcat.o)
                0x00000000000121e0                strcat
 .text          0x0000000000012240      0x648 ../../ss/bin/rmd-linux-elf/lib/libc.a(lib_a-strerror.o)
                0x0000000000012240                strerror
 .text          0x0000000000012888       0x38 ../../ss/bin/rmd-linux-elf/lib/libc.a(lib_a-strlen.o)
                0x0000000000012888                strlen
 .text          0x00000000000128c0     0x1c08 ../../ss/bin/rmd-linux-elf/lib/libc.a(lib_a-strtod.o)
                0x00000000000128c0                _strtod_r
                0x00000000000143e8                strtod
                0x0000000000014438                strtof
 .text          0x00000000000144c8      0x280 ../../ss/bin/rmd-linux-elf/lib/libc.a(lib_a-strtol.o)
                0x00000000000144c8                _strtol_r
                0x00000000000146f8                strtol
 .text          0x0000000000014748     0x23c8 ../../ss/bin/rmd-linux-elf/lib/libc.a(lib_a-svfprintf.o)
                0x0000000000014748                _svfprintf_r
 .text          0x0000000000016b10       0x60 ../../ss/bin/rmd-linux-elf/lib/libc.a(lib_a-sysgettod.o)
                0x0000000000016b10                gettimeofday
 .text          0x0000000000016b70        0x8 ../../ss/bin/rmd-linux-elf/lib/libc.a(lib_a-u_strerr.o)
                0x0000000000016b70                _user_strerror
 .text          0x0000000000016b78     0x1500 ../../ss/bin/rmd-linux-elf/lib/libc.a(lib_a-vfiprintf.o)
                0x0000000000016b78                __sprint_r
                0x0000000000016ce0                vfiprintf
                0x0000000000016d30                _vfiprintf_r
 .text          0x0000000000018078     0x2680 ../../ss/bin/rmd-linux-elf/lib/libc.a(lib_a-vfprintf.o)
                0x0000000000018078                vfprintf
                0x00000000000180c8                _vfprintf_r
 .text          0x000000000001a6f8      0x278 ../../ss/bin/rmd-linux-elf/lib/libc.a(lib_a-wsetup.o)
                0x000000000001a6f8                __swsetup_r
 .text          0x000000000001a970      0x258 ../../ss/bin/rmd-linux-elf/lib/libc.a(lib_a-__call_atexit.o)
                0x000000000001a970                __call_exitprocs
 .text          0x000000000001abc8       0x58 ../../ss/bin/rmd-linux-elf/lib/libc.a(lib_a-abort.o)
                0x000000000001abc8                abort
 .text          0x000000000001ac20        0x0 ../../ss/bin/rmd-linux-elf/lib/libc.a(lib_a-ctype_.o)
 .text          0x000000000001ac20     0x1870 ../../ss/bin/rmd-linux-elf/lib/libc.a(lib_a-dtoa.o)
                0x000000000001ac20                _dtoa_r
 .text          0x000000000001c490      0x498 ../../ss/bin/rmd-linux-elf/lib/libc.a(lib_a-fflush.o)
                0x000000000001c490                _fflush_r
                0x000000000001c898                fflush
 .text          0x000000000001c928      0x650 ../../ss/bin/rmd-linux-elf/lib/libc.a(lib_a-findfp.o)
                0x000000000001c928                __sfmoreglue
                0x000000000001c9d8                __sfp
                0x000000000001cb38                __sfp_lock_acquire
                0x000000000001cb40                __sinit
                0x000000000001cdc8                __sfp_lock_release
                0x000000000001cdd0                _cleanup_r
                0x000000000001ce20                _cleanup
                0x000000000001ce88                __sinit_lock_acquire
                0x000000000001ce90                __sinit_lock_release
                0x000000000001ce98                __fp_lock_all
                0x000000000001cf08                __fp_unlock_all
 .text          0x000000000001cf78      0x330 ../../ss/bin/rmd-linux-elf/lib/libc.a(lib_a-fputwc.o)
                0x000000000001cf78                _fputwc_r
                0x000000000001d178                fputwc
 .text          0x000000000001d2a8      0x678 ../../ss/bin/rmd-linux-elf/lib/libc.a(lib_a-fvwrite.o)
                0x000000000001d2a8                __sfvwrite_r
 .text          0x000000000001d920      0x210 ../../ss/bin/rmd-linux-elf/lib/libc.a(lib_a-fwalk.o)
                0x000000000001d920                _fwalk
                0x000000000001da20                _fwalk_reent
 .text          0x000000000001db30      0xd70 ../../ss/bin/rmd-linux-elf/lib/libc.a(lib_a-gdtoa-gethex.o)
                0x000000000001db30                __hexdig_init
                0x000000000001dc48                __gethex
 .text          0x000000000001e8a0      0x360 ../../ss/bin/rmd-linux-elf/lib/libc.a(lib_a-gdtoa-hexnan.o)
                0x000000000001e8a0                __hexnan
 .text          0x000000000001ec00       0xa0 ../../ss/bin/rmd-linux-elf/lib/libc.a(lib_a-gettimeofdayr.o)
                0x000000000001ec00                _gettimeofday_r
 .text          0x000000000001eca0      0x1c0 ../../ss/bin/rmd-linux-elf/lib/libc.a(lib_a-locale.o)
                0x000000000001eca0                _setlocale_r
                0x000000000001eda8                __locale_charset
                0x000000000001edc0                __locale_mb_cur_max
                0x000000000001edd8                __locale_msgcharset
                0x000000000001edf0                __locale_cjk_lang
                0x000000000001edf8                _localeconv_r
                0x000000000001ee10                setlocale
                0x000000000001ee48                localeconv
 .text          0x000000000001ee60      0x250 ../../ss/bin/rmd-linux-elf/lib/libc.a(lib_a-makebuf.o)
                0x000000000001ee60                __smakebuf_r
 .text          0x000000000001f0b0       0x38 ../../ss/bin/rmd-linux-elf/lib/libc.a(lib_a-memchr.o)
                0x000000000001f0b0                memchr
 .text          0x000000000001f0e8       0x88 ../../ss/bin/rmd-linux-elf/lib/libc.a(lib_a-memmove.o)
                0x000000000001f0e8                memmove
 .text          0x000000000001f170     0x15f8 ../../ss/bin/rmd-linux-elf/lib/libc.a(lib_a-mprec.o)
                0x000000000001f170                _Balloc
                0x000000000001f2e0                _Bfree
                0x000000000001f3b8                __multadd
                0x000000000001f520                __s2b
                0x000000000001f6b0                __hi0bits
                0x000000000001f750                __lo0bits
                0x000000000001f838                __i2b
                0x000000000001f890                __multiply
                0x000000000001fb00                __pow5mult
                0x000000000001fcc8                __lshift
                0x000000000001fe70                __mcmp
                0x000000000001fee8                __mdiff
                0x00000000000200c0                __ulp
                0x0000000000020190                __b2d
                0x0000000000020348                __d2b
                0x00000000000204d8                __ratio
                0x0000000000020600                _mprec_log10
                0x0000000000020650                __copybits
                0x00000000000206d8                __any_on
 .text          0x0000000000020768      0x3e8 ../../ss/bin/rmd-linux-elf/lib/libc.a(lib_a-reent.o)
                0x0000000000020768                cleanup_glue
                0x00000000000207e0                _reclaim_reent
                0x0000000000020a78                _wrapup_reent
 .text          0x0000000000020b50        0x8 ../../ss/bin/rmd-linux-elf/lib/libc.a(lib_a-sf_nan.o)
                0x0000000000020b50                nanf
 .text          0x0000000000020b58      0x4e0 ../../ss/bin/rmd-linux-elf/lib/libc.a(lib_a-signal.o)
                0x0000000000020b58                _init_signal_r
                0x0000000000020c20                _signal_r
                0x0000000000020cf8                _raise_r
                0x0000000000020e10                __sigtramp_r
                0x0000000000020f10                raise
                0x0000000000020f58                signal
                0x0000000000020fa8                _init_signal
                0x0000000000020ff0                __sigtramp
 .text          0x0000000000021038       0xe0 ../../ss/bin/rmd-linux-elf/lib/libc.a(lib_a-signalr.o)
                0x0000000000021038                _kill_r
                0x00000000000210d8                _getpid_r
 .text          0x0000000000021118      0x260 ../../ss/bin/rmd-linux-elf/lib/libc.a(lib_a-stdio.o)
                0x0000000000021118                __sread
                0x00000000000211b0                __seofread
                0x00000000000211b8                __swrite
                0x0000000000021290                __sseek
                0x0000000000021330                __sclose
 .text          0x0000000000021378       0x38 ../../ss/bin/rmd-linux-elf/lib/libc.a(lib_a-strcmp.o)
                0x0000000000021378                strcmp
 .text          0x00000000000213b0       0x68 ../../ss/bin/rmd-linux-elf/lib/libc.a(lib_a-strncmp.o)
                0x00000000000213b0                strncmp
 .text          0x0000000000021418     0x13c0 ../../ss/bin/rmd-linux-elf/lib/libc.a(lib_a-svfiprintf.o)
                0x0000000000021418                __ssprint_r
                0x00000000000216d0                _svfiprintf_r
 .text          0x00000000000227d8      0x2d8 ../../ss/bin/rmd-linux-elf/lib/libc.a(lib_a-wbuf.o)
                0x00000000000227d8                __swbuf_r
                0x0000000000022a60                __swbuf
 .text          0x0000000000022ab0      0x148 ../../ss/bin/rmd-linux-elf/lib/libc.a(lib_a-wcrtomb.o)
                0x0000000000022ab0                _wcrtomb_r
                0x0000000000022ba8                wcrtomb
 .text          0x0000000000022bf8       0xe8 ../../ss/bin/rmd-linux-elf/lib/libc.a(lib_a-wctomb_r.o)
                0x0000000000022bf8                __ascii_wctomb
                0x0000000000022c38                _wctomb_r
 .text          0x0000000000022ce0       0xa8 ../../ss/bin/rmd-linux-elf/lib/libc.a(lib_a-writer.o)
                0x0000000000022ce0                _write_r
 .text          0x0000000000022d88       0xa0 ../../ss/bin/rmd-linux-elf/lib/libc.a(lib_a-closer.o)
                0x0000000000022d88                _close_r
 .text          0x0000000000022e28      0x280 ../../ss/bin/rmd-linux-elf/lib/libc.a(lib_a-fclose.o)
                0x0000000000022e28                _fclose_r
                0x0000000000023060                fclose
 .text          0x00000000000230a8       0xa0 ../../ss/bin/rmd-linux-elf/lib/libc.a(lib_a-fstatr.o)
                0x00000000000230a8                _fstat_r
 .text          0x0000000000023148       0xa0 ../../ss/bin/rmd-linux-elf/lib/libc.a(lib_a-isattyr.o)
                0x0000000000023148                _isatty_r
 .text          0x00000000000231e8       0xb0 ../../ss/bin/rmd-linux-elf/lib/libc.a(lib_a-lseekr.o)
                0x00000000000231e8                _lseek_r
 .text          0x0000000000023298       0xa8 ../../ss/bin/rmd-linux-elf/lib/libc.a(lib_a-readr.o)
                0x0000000000023298                _read_r
 .text          0x0000000000023340      0x208 ../../ss/bin/rmd-linux-elf/lib/libm.a(lib_a-s_ceil.o)
                0x0000000000023340                ceil
 .text          0x0000000000023548      0x220 ../../ss/bin/rmd-linux-elf/lib/libm.a(lib_a-s_floor.o)
                0x0000000000023548                floor
 .text          0x0000000000023768      0x160 ../../ss/bin/rmd-linux-elf/lib/libm.a(lib_a-s_sin.o)
                0x0000000000023768                sin
 .text          0x00000000000238c8      0x218 ../../ss/bin/rmd-linux-elf/lib/libm.a(lib_a-w_log.o)
                0x00000000000238c8                log
 .text          0x0000000000023ae0      0x5d0 ../../ss/bin/rmd-linux-elf/lib/libm.a(lib_a-w_pow.o)
                0x0000000000023ae0                pow
 .text          0x00000000000240b0      0x3d8 ../../ss/bin/rmd-linux-elf/lib/libm.a(lib_a-e_log.o)
                0x00000000000240b0                __ieee754_log
 .text          0x0000000000024488      0xb98 ../../ss/bin/rmd-linux-elf/lib/libm.a(lib_a-e_pow.o)
                0x0000000000024488                __ieee754_pow
 .text          0x0000000000025020      0x490 ../../ss/bin/rmd-linux-elf/lib/libm.a(lib_a-e_rem_pio2.o)
                0x0000000000025020                __ieee754_rem_pio2
 .text          0x00000000000254b0      0x318 ../../ss/bin/rmd-linux-elf/lib/libm.a(lib_a-e_sqrt.o)
                0x00000000000254b0                __ieee754_sqrt
 .text          0x00000000000257c8      0x170 ../../ss/bin/rmd-linux-elf/lib/libm.a(lib_a-k_cos.o)
                0x00000000000257c8                __kernel_cos
 .text          0x0000000000025938      0xc20 ../../ss/bin/rmd-linux-elf/lib/libm.a(lib_a-k_rem_pio2.o)
                0x0000000000025938                __kernel_rem_pio2
 .text          0x0000000000026558      0x140 ../../ss/bin/rmd-linux-elf/lib/libm.a(lib_a-k_sin.o)
                0x0000000000026558                __kernel_sin
 .text          0x0000000000026698       0x50 ../../ss/bin/rmd-linux-elf/lib/libm.a(lib_a-s_finite.o)
                0x0000000000026698                finite
 .text          0x00000000000266e8        0x0 ../../ss/bin/rmd-linux-elf/lib/libm.a(lib_a-s_lib_ver.o)
 .text          0x00000000000266e8        0x8 ../../ss/bin/rmd-linux-elf/lib/libm.a(lib_a-s_matherr.o)
                0x00000000000266e8                matherr
 .text          0x00000000000266f0        0x8 ../../ss/bin/rmd-linux-elf/lib/libm.a(lib_a-s_nan.o)
                0x00000000000266f0                nan
 .text          0x00000000000266f8      0x268 ../../ss/bin/rmd-linux-elf/lib/libm.a(lib_a-s_rint.o)
                0x00000000000266f8                rint
 .text          0x0000000000026960      0x2a0 ../../ss/bin/rmd-linux-elf/lib/libm.a(lib_a-s_scalbn.o)
                0x0000000000026960                scalbn
 .text          0x0000000000026c00       0x28 ../../ss/bin/rmd-linux-elf/lib/libgloss_lxe.a(close.o)
                0x0000000000026c00                _close
 .text          0x0000000000026c28       0x28 ../../ss/bin/rmd-linux-elf/lib/libgloss_lxe.a(fstat.o)
                0x0000000000026c28                _fstat
 .text          0x0000000000026c50       0x28 ../../ss/bin/rmd-linux-elf/lib/libgloss_lxe.a(getpid.o)
                0x0000000000026c50                _getpid
 .text          0x0000000000026c78       0x28 ../../ss/bin/rmd-linux-elf/lib/libgloss_lxe.a(gettod.o)
                0x0000000000026c78                _gettimeofday
 .text          0x0000000000026ca0       0x20 ../../ss/bin/rmd-linux-elf/lib/libgloss_lxe.a(isatty.o)
                0x0000000000026ca0                _isatty
 .text          0x0000000000026cc0       0x28 ../../ss/bin/rmd-linux-elf/lib/libgloss_lxe.a(kill.o)
                0x0000000000026cc0                _kill
 .text          0x0000000000026ce8       0x28 ../../ss/bin/rmd-linux-elf/lib/libgloss_lxe.a(lseek.o)
                0x0000000000026ce8                _lseek
 .text          0x0000000000026d10       0x28 ../../ss/bin/rmd-linux-elf/lib/libgloss_lxe.a(read.o)
                0x0000000000026d10                _read
 .text          0x0000000000026d38       0x18 ../../ss/bin/rmd-linux-elf/lib/libgloss_lxe.a(write.o)
                0x0000000000026d38                _write
 .text          0x0000000000026d50       0x10 ../../ss/bin/rmd-linux-elf/lib/libgloss_lxe.a(_exit.o)
                0x0000000000026d50                _exit
 .text          0x0000000000026d60       0xb0 ../../ss/bin/rmd-linux-elf/lib/libgloss_lxe.a(malloc.o)
                0x0000000000026d60                malloc
                0x0000000000026db8                free
 .text          0x0000000000026e10      0x598 ../../ss/bin/rmd-linux-elf/lib/libgloss_lxe.a(mallocr.o)
                0x0000000000026e10                _malloc_r
                0x0000000000026f50                _free_r
                0x00000000000270c8                _calloc_r
                0x0000000000027208                _realloc_r
 .text          0x00000000000273a8       0x18 ../../ss/bin/rmd-linux-elf/lib/libc.a(lib_a-errno.o)
                0x00000000000273a8                __errno
 *(.fini)
                0x00000000000273c0                etext = .
                0x00000000000273c0                _etext = .
                0x00000000000273c0                . = .

.rodata         0x00000000000273c0     0x4190
 *(.rodata*)
 .rodata        0x00000000000273c0     0x1230 uts-main.o
                0x00000000000273c0                LOCAL
 .rodata        0x00000000000285f0       0x30 brg_sha1.o
 .rodata.cst8   0x0000000000028620       0x18 uts.o
 *fill*         0x0000000000028638        0x8 00
 .rodata        0x0000000000028640      0x9d0 uts.o
 .rodata        0x0000000000029010       0xe0 ../../ss/runtime/libxe/libxert.a(xe-codelet.o)
 .rodata        0x00000000000290f0       0x90 ../../ss/runtime/libxe/libxert.a(codelet-main.o)
 .rodata        0x0000000000029180       0xa0 ../../ss/runtime/libxe/libxert.a(xe_allocators.o)
 .rodata        0x0000000000029220       0xa0 ../../ss/runtime/libxe/libxert.a(xe_memory.o)
 .rodata        0x00000000000292c0       0xb0 ../../ss/runtime/libxe/libxert.a(xe_tlsf-allocator.o)
 .rodata        0x0000000000029370       0x30 ../../ss/runtime/libxe/libxert.a(xe_guid-allocator.o)
 .rodata        0x00000000000293a0       0x40 ../../ss/bin/rmd-linux-elf/lib/libc.a(lib_a-assert.o)
 .rodata        0x00000000000293e0       0x10 ../../ss/bin/rmd-linux-elf/lib/libc.a(lib_a-impure.o)
                0x00000000000293e0                _global_impure_ptr
 .rodata        0x00000000000293f0      0xc00 ../../ss/bin/rmd-linux-elf/lib/libc.a(lib_a-strerror.o)
 .rodata.cst8   0x0000000000029ff0       0x28 ../../ss/bin/rmd-linux-elf/lib/libc.a(lib_a-strtod.o)
 *fill*         0x000000000002a018        0x8 00
 .rodata        0x000000000002a020       0x70 ../../ss/bin/rmd-linux-elf/lib/libc.a(lib_a-strtod.o)
 .rodata        0x000000000002a090      0x360 ../../ss/bin/rmd-linux-elf/lib/libc.a(lib_a-svfprintf.o)
 .rodata        0x000000000002a3f0      0x200 ../../ss/bin/rmd-linux-elf/lib/libc.a(lib_a-vfiprintf.o)
 .rodata        0x000000000002a5f0      0x360 ../../ss/bin/rmd-linux-elf/lib/libc.a(lib_a-vfprintf.o)
 .rodata        0x000000000002a950      0x290 ../../ss/bin/rmd-linux-elf/lib/libc.a(lib_a-ctype_.o)
                0x000000000002aad0                _ctype_
 .rodata.cst8   0x000000000002abe0       0x18 ../../ss/bin/rmd-linux-elf/lib/libc.a(lib_a-dtoa.o)
 .rodata        0x000000000002abf8       0x40 ../../ss/bin/rmd-linux-elf/lib/libc.a(lib_a-dtoa.o)
 *fill*         0x000000000002ac38        0x8 00
 .rodata        0x000000000002ac40       0xc0 ../../ss/bin/rmd-linux-elf/lib/libc.a(lib_a-findfp.o)
                0x000000000002ac40                __sf_fake_stdin
                0x000000000002ac80                __sf_fake_stdout
                0x000000000002acc0                __sf_fake_stderr
 .rodata        0x000000000002ad00       0x19 ../../ss/bin/rmd-linux-elf/lib/libc.a(lib_a-gdtoa-gethex.o)
 .rodata        0x000000000002ad19        0xb ../../ss/bin/rmd-linux-elf/lib/libc.a(lib_a-locale.o)
 *fill*         0x000000000002ad24        0xc 00
 .rodata        0x000000000002ad30      0x140 ../../ss/bin/rmd-linux-elf/lib/libc.a(lib_a-mprec.o)
                0x000000000002ad40                __mprec_tens
                0x000000000002ae10                __mprec_bigtens
                0x000000000002ae40                __mprec_tinytens
 .rodata        0x000000000002ae70      0x200 ../../ss/bin/rmd-linux-elf/lib/libc.a(lib_a-svfiprintf.o)
 .rodata.cst8   0x000000000002b070        0x8 ../../ss/bin/rmd-linux-elf/lib/libm.a(lib_a-s_ceil.o)
 .rodata.cst8   0x0000000000000000        0x8 ../../ss/bin/rmd-linux-elf/lib/libm.a(lib_a-s_floor.o)
 .rodata.cst16  0x000000000002b078       0x10 ../../ss/bin/rmd-linux-elf/lib/libm.a(lib_a-w_log.o)
 .rodata        0x000000000002b088        0x5 ../../ss/bin/rmd-linux-elf/lib/libm.a(lib_a-w_log.o)
 *fill*         0x000000000002b08d        0x3 00
 .rodata.cst16  0x000000000002b090       0x20 ../../ss/bin/rmd-linux-elf/lib/libm.a(lib_a-w_pow.o)
 .rodata.cst8   0x000000000002b0b0       0x10 ../../ss/bin/rmd-linux-elf/lib/libm.a(lib_a-w_pow.o)
 .rodata        0x000000000002b0c0        0x4 ../../ss/bin/rmd-linux-elf/lib/libm.a(lib_a-w_pow.o)
 *fill*         0x000000000002b0c4        0x4 00
 .rodata.cst8   0x000000000002b0c8       0x60 ../../ss/bin/rmd-linux-elf/lib/libm.a(lib_a-e_log.o)
 .rodata.cst8   0x000000000002b128       0xc0 ../../ss/bin/rmd-linux-elf/lib/libm.a(lib_a-e_pow.o)
                                         0xc8 (size before relaxing)
 .rodata.cst16  0x000000000002b1e8       0x20 ../../ss/bin/rmd-linux-elf/lib/libm.a(lib_a-e_pow.o)
 .rodata        0x000000000002b208       0x38 ../../ss/bin/rmd-linux-elf/lib/libm.a(lib_a-e_pow.o)
 .rodata.cst8   0x000000000002b240       0x60 ../../ss/bin/rmd-linux-elf/lib/libm.a(lib_a-e_rem_pio2.o)
 .rodata        0x000000000002b2a0      0x190 ../../ss/bin/rmd-linux-elf/lib/libm.a(lib_a-e_rem_pio2.o)
 .rodata.cst8   0x000000000002b430       0x30 ../../ss/bin/rmd-linux-elf/lib/libm.a(lib_a-k_cos.o)
 .rodata.cst8   0x000000000002b460        0x8 ../../ss/bin/rmd-linux-elf/lib/libm.a(lib_a-k_rem_pio2.o)
                                         0x10 (size before relaxing)
 *fill*         0x000000000002b468        0x8 00
 .rodata        0x000000000002b470       0x50 ../../ss/bin/rmd-linux-elf/lib/libm.a(lib_a-k_rem_pio2.o)
 .rodata.cst8   0x000000000002b4c0       0x38 ../../ss/bin/rmd-linux-elf/lib/libm.a(lib_a-k_sin.o)
 .rodata        0x000000000002b4f8       0x10 ../../ss/bin/rmd-linux-elf/lib/libm.a(lib_a-s_rint.o)
 .rodata.cst8   0x000000000002b508        0x8 ../../ss/bin/rmd-linux-elf/lib/libm.a(lib_a-s_scalbn.o)
                                         0x20 (size before relaxing)
 .rodata        0x000000000002b510       0x40 ../../ss/bin/rmd-linux-elf/lib/libgloss_lxe.a(mallocr.o)
                0x000000000002b550                _fdata = ALIGN (0x10)

.data           0x000000000002b550      0x440
 *(.data)
 .data          0x000000000002b550        0x0 ../../ss/bin/rmd-linux-elf/lib/crt0_lxe.o
 .data          0x000000000002b550        0x8 uts-main.o
                0x000000000002b550                coreid_self
 .data          0x000000000002b558        0x0 brg_sha1.o
 *fill*         0x000000000002b558        0x8 00
 .data          0x000000000002b560       0x80 uts.o
                0x000000000002b560                uts_trees_str
                0x000000000002b580                uts_geoshapes_str
                0x000000000002b5a0                type
                0x000000000002b5a8                b_0
                0x000000000002b5b0                nonLeafBF
                0x000000000002b5b8                nonLeafProb
                0x000000000002b5c0                gen_mx
                0x000000000002b5c8                shiftDepth
                0x000000000002b5d0                computeGranularity
                0x000000000002b5d4                verbose
 .data          0x000000000002b5e0        0x0 ../../ss/runtime/libxe/libxert.a(xe-codelet.o)
 .data          0x000000000002b5e0        0x0 ../../ss/runtime/libxe/libxert.a(xe-codelet-header.o)
 .data          0x000000000002b5e0       0x20 ../../ss/runtime/libxe/libxert.a(xe_console.o)
 .data          0x000000000002b600        0x0 ../../ss/runtime/libxe/libxert.a(codelet-main.o)
 .data          0x000000000002b600       0x80 ../../ss/runtime/libxe/libxert.a(xe_allocators.o)
                0x000000000002b600                tlsf_allocator
                0x000000000002b640                guid_allocator
 .data          0x000000000002b680       0x20 ../../ss/runtime/libxe/libxert.a(xe_memory.o)
                0x000000000002b680                xe_error_codes
 .data          0x000000000002b6a0        0x0 ../../ss/runtime/libxe/libxert.a(xe_tlsf-allocator.o)
 .data          0x000000000002b6a0        0x0 ../../ss/runtime/libxe/libxert.a(xe_guid-allocator.o)
 .data          0x000000000002b6a0        0x0 ../../ss/runtime/libxe/libxert.a(xe_utils.o)
 .data          0x000000000002b6a0        0x0 ../../ss/bin/rmd-linux-elf/lib/libc.a(lib_a-assert.o)
 .data          0x000000000002b6a0        0x0 ../../ss/bin/rmd-linux-elf/lib/libc.a(lib_a-atof.o)
 .data          0x000000000002b6a0        0x0 ../../ss/bin/rmd-linux-elf/lib/libc.a(lib_a-atoi.o)
 .data          0x000000000002b6a0        0x0 ../../ss/bin/rmd-linux-elf/lib/libc.a(lib_a-exit.o)
 .data          0x000000000002b6a0        0x0 ../../ss/bin/rmd-linux-elf/lib/libc.a(lib_a-fiprintf.o)
 .data          0x000000000002b6a0      0x1e0 ../../ss/bin/rmd-linux-elf/lib/libc.a(lib_a-impure.o)
                0x000000000002b870                _impure_ptr
 .data          0x000000000002b880        0x0 ../../ss/bin/rmd-linux-elf/lib/libc.a(lib_a-memcpy.o)
 .data          0x000000000002b880        0x0 ../../ss/bin/rmd-linux-elf/lib/libc.a(lib_a-memset.o)
 .data          0x000000000002b880        0x0 ../../ss/bin/rmd-linux-elf/lib/libc.a(lib_a-printf.o)
 .data          0x000000000002b880        0x0 ../../ss/bin/rmd-linux-elf/lib/libc.a(lib_a-sprintf.o)
 .data          0x000000000002b880        0x0 ../../ss/bin/rmd-linux-elf/lib/libc.a(lib_a-strcat.o)
 .data          0x000000000002b880        0x0 ../../ss/bin/rmd-linux-elf/lib/libc.a(lib_a-strerror.o)
 .data          0x000000000002b880        0x0 ../../ss/bin/rmd-linux-elf/lib/libc.a(lib_a-strlen.o)
 .data          0x000000000002b880       0x40 ../../ss/bin/rmd-linux-elf/lib/libc.a(lib_a-strtod.o)
 .data          0x000000000002b8c0        0x0 ../../ss/bin/rmd-linux-elf/lib/libc.a(lib_a-strtol.o)
 .data          0x000000000002b8c0        0x0 ../../ss/bin/rmd-linux-elf/lib/libc.a(lib_a-svfprintf.o)
 .data          0x000000000002b8c0        0x0 ../../ss/bin/rmd-linux-elf/lib/libc.a(lib_a-sysgettod.o)
 .data          0x000000000002b8c0        0x0 ../../ss/bin/rmd-linux-elf/lib/libc.a(lib_a-u_strerr.o)
 .data          0x000000000002b8c0        0x0 ../../ss/bin/rmd-linux-elf/lib/libc.a(lib_a-vfiprintf.o)
 .data          0x000000000002b8c0        0x0 ../../ss/bin/rmd-linux-elf/lib/libc.a(lib_a-vfprintf.o)
 .data          0x000000000002b8c0        0x0 ../../ss/bin/rmd-linux-elf/lib/libc.a(lib_a-wsetup.o)
 .data          0x000000000002b8c0        0x0 ../../ss/bin/rmd-linux-elf/lib/libc.a(lib_a-__call_atexit.o)
 .data          0x000000000002b8c0        0x0 ../../ss/bin/rmd-linux-elf/lib/libc.a(lib_a-abort.o)
 .data          0x000000000002b8c0        0x8 ../../ss/bin/rmd-linux-elf/lib/libc.a(lib_a-ctype_.o)
                0x000000000002b8c0                __ctype_ptr__
 .data          0x000000000002b8c8        0x0 ../../ss/bin/rmd-linux-elf/lib/libc.a(lib_a-dtoa.o)
 .data          0x000000000002b8c8        0x0 ../../ss/bin/rmd-linux-elf/lib/libc.a(lib_a-fflush.o)
 .data          0x000000000002b8c8        0x0 ../../ss/bin/rmd-linux-elf/lib/libc.a(lib_a-findfp.o)
 .data          0x000000000002b8c8        0x0 ../../ss/bin/rmd-linux-elf/lib/libc.a(lib_a-fputwc.o)
 .data          0x000000000002b8c8        0x0 ../../ss/bin/rmd-linux-elf/lib/libc.a(lib_a-fvwrite.o)
 .data          0x000000000002b8c8        0x0 ../../ss/bin/rmd-linux-elf/lib/libc.a(lib_a-fwalk.o)
 .data          0x000000000002b8c8        0x0 ../../ss/bin/rmd-linux-elf/lib/libc.a(lib_a-gdtoa-gethex.o)
 .data          0x000000000002b8c8        0x0 ../../ss/bin/rmd-linux-elf/lib/libc.a(lib_a-gdtoa-hexnan.o)
 .data          0x000000000002b8c8        0x0 ../../ss/bin/rmd-linux-elf/lib/libc.a(lib_a-gettimeofdayr.o)
 *fill*         0x000000000002b8c8        0x8 00
 .data          0x000000000002b8d0       0xb0 ../../ss/bin/rmd-linux-elf/lib/libc.a(lib_a-locale.o)
                0x000000000002b8d0                __mb_cur_max
 .data          0x000000000002b980        0x0 ../../ss/bin/rmd-linux-elf/lib/libc.a(lib_a-makebuf.o)
 .data          0x000000000002b980        0x0 ../../ss/bin/rmd-linux-elf/lib/libc.a(lib_a-memchr.o)
 .data          0x000000000002b980        0x0 ../../ss/bin/rmd-linux-elf/lib/libc.a(lib_a-memmove.o)
 .data          0x000000000002b980        0x0 ../../ss/bin/rmd-linux-elf/lib/libc.a(lib_a-mprec.o)
 .data          0x000000000002b980        0x0 ../../ss/bin/rmd-linux-elf/lib/libc.a(lib_a-reent.o)
 .data          0x000000000002b980        0x0 ../../ss/bin/rmd-linux-elf/lib/libc.a(lib_a-sf_nan.o)
 .data          0x000000000002b980        0x0 ../../ss/bin/rmd-linux-elf/lib/libc.a(lib_a-signal.o)
 .data          0x000000000002b980        0x0 ../../ss/bin/rmd-linux-elf/lib/libc.a(lib_a-signalr.o)
 .data          0x000000000002b980        0x0 ../../ss/bin/rmd-linux-elf/lib/libc.a(lib_a-stdio.o)
 .data          0x000000000002b980        0x0 ../../ss/bin/rmd-linux-elf/lib/libc.a(lib_a-strcmp.o)
 .data          0x000000000002b980        0x0 ../../ss/bin/rmd-linux-elf/lib/libc.a(lib_a-strncmp.o)
 .data          0x000000000002b980        0x0 ../../ss/bin/rmd-linux-elf/lib/libc.a(lib_a-svfiprintf.o)
 .data          0x000000000002b980        0x0 ../../ss/bin/rmd-linux-elf/lib/libc.a(lib_a-wbuf.o)
 .data          0x000000000002b980        0x0 ../../ss/bin/rmd-linux-elf/lib/libc.a(lib_a-wcrtomb.o)
 .data          0x000000000002b980        0x8 ../../ss/bin/rmd-linux-elf/lib/libc.a(lib_a-wctomb_r.o)
                0x000000000002b980                __wctomb
 .data          0x000000000002b988        0x0 ../../ss/bin/rmd-linux-elf/lib/libc.a(lib_a-writer.o)
 .data          0x000000000002b988        0x0 ../../ss/bin/rmd-linux-elf/lib/libc.a(lib_a-closer.o)
 .data          0x000000000002b988        0x0 ../../ss/bin/rmd-linux-elf/lib/libc.a(lib_a-fclose.o)
 .data          0x000000000002b988        0x0 ../../ss/bin/rmd-linux-elf/lib/libc.a(lib_a-fstatr.o)
 .data          0x000000000002b988        0x0 ../../ss/bin/rmd-linux-elf/lib/libc.a(lib_a-isattyr.o)
 .data          0x000000000002b988        0x0 ../../ss/bin/rmd-linux-elf/lib/libc.a(lib_a-lseekr.o)
 .data          0x000000000002b988        0x0 ../../ss/bin/rmd-linux-elf/lib/libc.a(lib_a-readr.o)
 .data          0x000000000002b988        0x0 ../../ss/bin/rmd-linux-elf/lib/libm.a(lib_a-s_ceil.o)
 .data          0x000000000002b988        0x0 ../../ss/bin/rmd-linux-elf/lib/libm.a(lib_a-s_floor.o)
 .data          0x000000000002b988        0x0 ../../ss/bin/rmd-linux-elf/lib/libm.a(lib_a-s_sin.o)
 .data          0x000000000002b988        0x0 ../../ss/bin/rmd-linux-elf/lib/libm.a(lib_a-w_log.o)
 .data          0x000000000002b988        0x0 ../../ss/bin/rmd-linux-elf/lib/libm.a(lib_a-w_pow.o)
 .data          0x000000000002b988        0x0 ../../ss/bin/rmd-linux-elf/lib/libm.a(lib_a-e_log.o)
 .data          0x000000000002b988        0x0 ../../ss/bin/rmd-linux-elf/lib/libm.a(lib_a-e_pow.o)
 .data          0x000000000002b988        0x0 ../../ss/bin/rmd-linux-elf/lib/libm.a(lib_a-e_rem_pio2.o)
 .data          0x000000000002b988        0x0 ../../ss/bin/rmd-linux-elf/lib/libm.a(lib_a-e_sqrt.o)
 .data          0x000000000002b988        0x0 ../../ss/bin/rmd-linux-elf/lib/libm.a(lib_a-k_cos.o)
 .data          0x000000000002b988        0x0 ../../ss/bin/rmd-linux-elf/lib/libm.a(lib_a-k_rem_pio2.o)
 .data          0x000000000002b988        0x0 ../../ss/bin/rmd-linux-elf/lib/libm.a(lib_a-k_sin.o)
 .data          0x000000000002b988        0x0 ../../ss/bin/rmd-linux-elf/lib/libm.a(lib_a-s_finite.o)
 .data          0x000000000002b988        0x8 ../../ss/bin/rmd-linux-elf/lib/libm.a(lib_a-s_lib_ver.o)
                0x000000000002b988                __fdlib_version
 .data          0x000000000002b990        0x0 ../../ss/bin/rmd-linux-elf/lib/libm.a(lib_a-s_matherr.o)
 .data          0x000000000002b990        0x0 ../../ss/bin/rmd-linux-elf/lib/libm.a(lib_a-s_nan.o)
 .data          0x000000000002b990        0x0 ../../ss/bin/rmd-linux-elf/lib/libm.a(lib_a-s_rint.o)
 .data          0x000000000002b990        0x0 ../../ss/bin/rmd-linux-elf/lib/libm.a(lib_a-s_scalbn.o)
 .data          0x000000000002b990        0x0 ../../ss/bin/rmd-linux-elf/lib/libgloss_lxe.a(close.o)
 .data          0x000000000002b990        0x0 ../../ss/bin/rmd-linux-elf/lib/libgloss_lxe.a(fstat.o)
 .data          0x000000000002b990        0x0 ../../ss/bin/rmd-linux-elf/lib/libgloss_lxe.a(getpid.o)
 .data          0x000000000002b990        0x0 ../../ss/bin/rmd-linux-elf/lib/libgloss_lxe.a(gettod.o)
 .data          0x000000000002b990        0x0 ../../ss/bin/rmd-linux-elf/lib/libgloss_lxe.a(isatty.o)
 .data          0x000000000002b990        0x0 ../../ss/bin/rmd-linux-elf/lib/libgloss_lxe.a(kill.o)
 .data          0x000000000002b990        0x0 ../../ss/bin/rmd-linux-elf/lib/libgloss_lxe.a(lseek.o)
 .data          0x000000000002b990        0x0 ../../ss/bin/rmd-linux-elf/lib/libgloss_lxe.a(read.o)
 .data          0x000000000002b990        0x0 ../../ss/bin/rmd-linux-elf/lib/libgloss_lxe.a(write.o)
 .data          0x000000000002b990        0x0 ../../ss/bin/rmd-linux-elf/lib/libgloss_lxe.a(_exit.o)
 .data          0x000000000002b990        0x0 ../../ss/bin/rmd-linux-elf/lib/libgloss_lxe.a(malloc.o)
 .data          0x000000000002b990        0x0 ../../ss/bin/rmd-linux-elf/lib/libgloss_lxe.a(mallocr.o)
 .data          0x000000000002b990        0x0 ../../ss/bin/rmd-linux-elf/lib/libc.a(lib_a-errno.o)

.data_local     0x000000000002b990        0x0
 *(.data_local)
 .data_local    0x000000000002b990        0x0 ../../ss/bin/rmd-linux-elf/lib/crt0_lxe.o
 .data_local    0x000000000002b990        0x0 ../../ss/bin/rmd-linux-elf/lib/libc.a(lib_a-assert.o)
 .data_local    0x000000000002b990        0x0 ../../ss/bin/rmd-linux-elf/lib/libc.a(lib_a-atof.o)
 .data_local    0x000000000002b990        0x0 ../../ss/bin/rmd-linux-elf/lib/libc.a(lib_a-atoi.o)
 .data_local    0x000000000002b990        0x0 ../../ss/bin/rmd-linux-elf/lib/libc.a(lib_a-exit.o)
 .data_local    0x000000000002b990        0x0 ../../ss/bin/rmd-linux-elf/lib/libc.a(lib_a-fiprintf.o)
 .data_local    0x000000000002b990        0x0 ../../ss/bin/rmd-linux-elf/lib/libc.a(lib_a-impure.o)
 .data_local    0x000000000002b990        0x0 ../../ss/bin/rmd-linux-elf/lib/libc.a(lib_a-memcpy.o)
 .data_local    0x000000000002b990        0x0 ../../ss/bin/rmd-linux-elf/lib/libc.a(lib_a-memset.o)
 .data_local    0x000000000002b990        0x0 ../../ss/bin/rmd-linux-elf/lib/libc.a(lib_a-printf.o)
 .data_local    0x000000000002b990        0x0 ../../ss/bin/rmd-linux-elf/lib/libc.a(lib_a-sprintf.o)
 .data_local    0x000000000002b990        0x0 ../../ss/bin/rmd-linux-elf/lib/libc.a(lib_a-strcat.o)
 .data_local    0x000000000002b990        0x0 ../../ss/bin/rmd-linux-elf/lib/libc.a(lib_a-strerror.o)
 .data_local    0x000000000002b990        0x0 ../../ss/bin/rmd-linux-elf/lib/libc.a(lib_a-strlen.o)
 .data_local    0x000000000002b990        0x0 ../../ss/bin/rmd-linux-elf/lib/libc.a(lib_a-strtod.o)
 .data_local    0x000000000002b990        0x0 ../../ss/bin/rmd-linux-elf/lib/libc.a(lib_a-strtol.o)
 .data_local    0x000000000002b990        0x0 ../../ss/bin/rmd-linux-elf/lib/libc.a(lib_a-svfprintf.o)
 .data_local    0x000000000002b990        0x0 ../../ss/bin/rmd-linux-elf/lib/libc.a(lib_a-sysgettod.o)
 .data_local    0x000000000002b990        0x0 ../../ss/bin/rmd-linux-elf/lib/libc.a(lib_a-u_strerr.o)
 .data_local    0x000000000002b990        0x0 ../../ss/bin/rmd-linux-elf/lib/libc.a(lib_a-vfiprintf.o)
 .data_local    0x000000000002b990        0x0 ../../ss/bin/rmd-linux-elf/lib/libc.a(lib_a-vfprintf.o)
 .data_local    0x000000000002b990        0x0 ../../ss/bin/rmd-linux-elf/lib/libc.a(lib_a-wsetup.o)
 .data_local    0x000000000002b990        0x0 ../../ss/bin/rmd-linux-elf/lib/libc.a(lib_a-__call_atexit.o)
 .data_local    0x000000000002b990        0x0 ../../ss/bin/rmd-linux-elf/lib/libc.a(lib_a-abort.o)
 .data_local    0x000000000002b990        0x0 ../../ss/bin/rmd-linux-elf/lib/libc.a(lib_a-ctype_.o)
 .data_local    0x000000000002b990        0x0 ../../ss/bin/rmd-linux-elf/lib/libc.a(lib_a-dtoa.o)
 .data_local    0x000000000002b990        0x0 ../../ss/bin/rmd-linux-elf/lib/libc.a(lib_a-fflush.o)
 .data_local    0x000000000002b990        0x0 ../../ss/bin/rmd-linux-elf/lib/libc.a(lib_a-findfp.o)
 .data_local    0x000000000002b990        0x0 ../../ss/bin/rmd-linux-elf/lib/libc.a(lib_a-fputwc.o)
 .data_local    0x000000000002b990        0x0 ../../ss/bin/rmd-linux-elf/lib/libc.a(lib_a-fvwrite.o)
 .data_local    0x000000000002b990        0x0 ../../ss/bin/rmd-linux-elf/lib/libc.a(lib_a-fwalk.o)
 .data_local    0x000000000002b990        0x0 ../../ss/bin/rmd-linux-elf/lib/libc.a(lib_a-gdtoa-gethex.o)
 .data_local    0x000000000002b990        0x0 ../../ss/bin/rmd-linux-elf/lib/libc.a(lib_a-gdtoa-hexnan.o)
 .data_local    0x000000000002b990        0x0 ../../ss/bin/rmd-linux-elf/lib/libc.a(lib_a-gettimeofdayr.o)
 .data_local    0x000000000002b990        0x0 ../../ss/bin/rmd-linux-elf/lib/libc.a(lib_a-locale.o)
 .data_local    0x000000000002b990        0x0 ../../ss/bin/rmd-linux-elf/lib/libc.a(lib_a-makebuf.o)
 .data_local    0x000000000002b990        0x0 ../../ss/bin/rmd-linux-elf/lib/libc.a(lib_a-memchr.o)
 .data_local    0x000000000002b990        0x0 ../../ss/bin/rmd-linux-elf/lib/libc.a(lib_a-memmove.o)
 .data_local    0x000000000002b990        0x0 ../../ss/bin/rmd-linux-elf/lib/libc.a(lib_a-mprec.o)
 .data_local    0x000000000002b990        0x0 ../../ss/bin/rmd-linux-elf/lib/libc.a(lib_a-reent.o)
 .data_local    0x000000000002b990        0x0 ../../ss/bin/rmd-linux-elf/lib/libc.a(lib_a-sf_nan.o)
 .data_local    0x000000000002b990        0x0 ../../ss/bin/rmd-linux-elf/lib/libc.a(lib_a-signal.o)
 .data_local    0x000000000002b990        0x0 ../../ss/bin/rmd-linux-elf/lib/libc.a(lib_a-signalr.o)
 .data_local    0x000000000002b990        0x0 ../../ss/bin/rmd-linux-elf/lib/libc.a(lib_a-stdio.o)
 .data_local    0x000000000002b990        0x0 ../../ss/bin/rmd-linux-elf/lib/libc.a(lib_a-strcmp.o)
 .data_local    0x000000000002b990        0x0 ../../ss/bin/rmd-linux-elf/lib/libc.a(lib_a-strncmp.o)
 .data_local    0x000000000002b990        0x0 ../../ss/bin/rmd-linux-elf/lib/libc.a(lib_a-svfiprintf.o)
 .data_local    0x000000000002b990        0x0 ../../ss/bin/rmd-linux-elf/lib/libc.a(lib_a-wbuf.o)
 .data_local    0x000000000002b990        0x0 ../../ss/bin/rmd-linux-elf/lib/libc.a(lib_a-wcrtomb.o)
 .data_local    0x000000000002b990        0x0 ../../ss/bin/rmd-linux-elf/lib/libc.a(lib_a-wctomb_r.o)
 .data_local    0x000000000002b990        0x0 ../../ss/bin/rmd-linux-elf/lib/libc.a(lib_a-writer.o)
 .data_local    0x000000000002b990        0x0 ../../ss/bin/rmd-linux-elf/lib/libc.a(lib_a-closer.o)
 .data_local    0x000000000002b990        0x0 ../../ss/bin/rmd-linux-elf/lib/libc.a(lib_a-fclose.o)
 .data_local    0x000000000002b990        0x0 ../../ss/bin/rmd-linux-elf/lib/libc.a(lib_a-fstatr.o)
 .data_local    0x000000000002b990        0x0 ../../ss/bin/rmd-linux-elf/lib/libc.a(lib_a-isattyr.o)
 .data_local    0x000000000002b990        0x0 ../../ss/bin/rmd-linux-elf/lib/libc.a(lib_a-lseekr.o)
 .data_local    0x000000000002b990        0x0 ../../ss/bin/rmd-linux-elf/lib/libc.a(lib_a-readr.o)
 .data_local    0x000000000002b990        0x0 ../../ss/bin/rmd-linux-elf/lib/libm.a(lib_a-s_ceil.o)
 .data_local    0x000000000002b990        0x0 ../../ss/bin/rmd-linux-elf/lib/libm.a(lib_a-s_floor.o)
 .data_local    0x000000000002b990        0x0 ../../ss/bin/rmd-linux-elf/lib/libm.a(lib_a-s_sin.o)
 .data_local    0x000000000002b990        0x0 ../../ss/bin/rmd-linux-elf/lib/libm.a(lib_a-w_log.o)
 .data_local    0x000000000002b990        0x0 ../../ss/bin/rmd-linux-elf/lib/libm.a(lib_a-w_pow.o)
 .data_local    0x000000000002b990        0x0 ../../ss/bin/rmd-linux-elf/lib/libm.a(lib_a-e_log.o)
 .data_local    0x000000000002b990        0x0 ../../ss/bin/rmd-linux-elf/lib/libm.a(lib_a-e_pow.o)
 .data_local    0x000000000002b990        0x0 ../../ss/bin/rmd-linux-elf/lib/libm.a(lib_a-e_rem_pio2.o)
 .data_local    0x000000000002b990        0x0 ../../ss/bin/rmd-linux-elf/lib/libm.a(lib_a-e_sqrt.o)
 .data_local    0x000000000002b990        0x0 ../../ss/bin/rmd-linux-elf/lib/libm.a(lib_a-k_cos.o)
 .data_local    0x000000000002b990        0x0 ../../ss/bin/rmd-linux-elf/lib/libm.a(lib_a-k_rem_pio2.o)
 .data_local    0x000000000002b990        0x0 ../../ss/bin/rmd-linux-elf/lib/libm.a(lib_a-k_sin.o)
 .data_local    0x000000000002b990        0x0 ../../ss/bin/rmd-linux-elf/lib/libm.a(lib_a-s_finite.o)
 .data_local    0x000000000002b990        0x0 ../../ss/bin/rmd-linux-elf/lib/libm.a(lib_a-s_lib_ver.o)
 .data_local    0x000000000002b990        0x0 ../../ss/bin/rmd-linux-elf/lib/libm.a(lib_a-s_matherr.o)
 .data_local    0x000000000002b990        0x0 ../../ss/bin/rmd-linux-elf/lib/libm.a(lib_a-s_nan.o)
 .data_local    0x000000000002b990        0x0 ../../ss/bin/rmd-linux-elf/lib/libm.a(lib_a-s_rint.o)
 .data_local    0x000000000002b990        0x0 ../../ss/bin/rmd-linux-elf/lib/libm.a(lib_a-s_scalbn.o)
 .data_local    0x000000000002b990        0x0 ../../ss/bin/rmd-linux-elf/lib/libgloss_lxe.a(close.o)
 .data_local    0x000000000002b990        0x0 ../../ss/bin/rmd-linux-elf/lib/libgloss_lxe.a(fstat.o)
 .data_local    0x000000000002b990        0x0 ../../ss/bin/rmd-linux-elf/lib/libgloss_lxe.a(getpid.o)
 .data_local    0x000000000002b990        0x0 ../../ss/bin/rmd-linux-elf/lib/libgloss_lxe.a(gettod.o)
 .data_local    0x000000000002b990        0x0 ../../ss/bin/rmd-linux-elf/lib/libgloss_lxe.a(isatty.o)
 .data_local    0x000000000002b990        0x0 ../../ss/bin/rmd-linux-elf/lib/libgloss_lxe.a(kill.o)
 .data_local    0x000000000002b990        0x0 ../../ss/bin/rmd-linux-elf/lib/libgloss_lxe.a(lseek.o)
 .data_local    0x000000000002b990        0x0 ../../ss/bin/rmd-linux-elf/lib/libgloss_lxe.a(read.o)
 .data_local    0x000000000002b990        0x0 ../../ss/bin/rmd-linux-elf/lib/libgloss_lxe.a(write.o)
 .data_local    0x000000000002b990        0x0 ../../ss/bin/rmd-linux-elf/lib/libgloss_lxe.a(_exit.o)
 .data_local    0x000000000002b990        0x0 ../../ss/bin/rmd-linux-elf/lib/libgloss_lxe.a(malloc.o)
 .data_local    0x000000000002b990        0x0 ../../ss/bin/rmd-linux-elf/lib/libgloss_lxe.a(mallocr.o)
 .data_local    0x000000000002b990        0x0 ../../ss/bin/rmd-linux-elf/lib/libc.a(lib_a-errno.o)

.data_block     0x000000000002b990        0x0
 *(.data_block)
 .data_block    0x000000000002b990        0x0 ../../ss/bin/rmd-linux-elf/lib/crt0_lxe.o
 .data_block    0x000000000002b990        0x0 ../../ss/bin/rmd-linux-elf/lib/libc.a(lib_a-assert.o)
 .data_block    0x000000000002b990        0x0 ../../ss/bin/rmd-linux-elf/lib/libc.a(lib_a-atof.o)
 .data_block    0x000000000002b990        0x0 ../../ss/bin/rmd-linux-elf/lib/libc.a(lib_a-atoi.o)
 .data_block    0x000000000002b990        0x0 ../../ss/bin/rmd-linux-elf/lib/libc.a(lib_a-exit.o)
 .data_block    0x000000000002b990        0x0 ../../ss/bin/rmd-linux-elf/lib/libc.a(lib_a-fiprintf.o)
 .data_block    0x000000000002b990        0x0 ../../ss/bin/rmd-linux-elf/lib/libc.a(lib_a-impure.o)
 .data_block    0x000000000002b990        0x0 ../../ss/bin/rmd-linux-elf/lib/libc.a(lib_a-memcpy.o)
 .data_block    0x000000000002b990        0x0 ../../ss/bin/rmd-linux-elf/lib/libc.a(lib_a-memset.o)
 .data_block    0x000000000002b990        0x0 ../../ss/bin/rmd-linux-elf/lib/libc.a(lib_a-printf.o)
 .data_block    0x000000000002b990        0x0 ../../ss/bin/rmd-linux-elf/lib/libc.a(lib_a-sprintf.o)
 .data_block    0x000000000002b990        0x0 ../../ss/bin/rmd-linux-elf/lib/libc.a(lib_a-strcat.o)
 .data_block    0x000000000002b990        0x0 ../../ss/bin/rmd-linux-elf/lib/libc.a(lib_a-strerror.o)
 .data_block    0x000000000002b990        0x0 ../../ss/bin/rmd-linux-elf/lib/libc.a(lib_a-strlen.o)
 .data_block    0x000000000002b990        0x0 ../../ss/bin/rmd-linux-elf/lib/libc.a(lib_a-strtod.o)
 .data_block    0x000000000002b990        0x0 ../../ss/bin/rmd-linux-elf/lib/libc.a(lib_a-strtol.o)
 .data_block    0x000000000002b990        0x0 ../../ss/bin/rmd-linux-elf/lib/libc.a(lib_a-svfprintf.o)
 .data_block    0x000000000002b990        0x0 ../../ss/bin/rmd-linux-elf/lib/libc.a(lib_a-sysgettod.o)
 .data_block    0x000000000002b990        0x0 ../../ss/bin/rmd-linux-elf/lib/libc.a(lib_a-u_strerr.o)
 .data_block    0x000000000002b990        0x0 ../../ss/bin/rmd-linux-elf/lib/libc.a(lib_a-vfiprintf.o)
 .data_block    0x000000000002b990        0x0 ../../ss/bin/rmd-linux-elf/lib/libc.a(lib_a-vfprintf.o)
 .data_block    0x000000000002b990        0x0 ../../ss/bin/rmd-linux-elf/lib/libc.a(lib_a-wsetup.o)
 .data_block    0x000000000002b990        0x0 ../../ss/bin/rmd-linux-elf/lib/libc.a(lib_a-__call_atexit.o)
 .data_block    0x000000000002b990        0x0 ../../ss/bin/rmd-linux-elf/lib/libc.a(lib_a-abort.o)
 .data_block    0x000000000002b990        0x0 ../../ss/bin/rmd-linux-elf/lib/libc.a(lib_a-ctype_.o)
 .data_block    0x000000000002b990        0x0 ../../ss/bin/rmd-linux-elf/lib/libc.a(lib_a-dtoa.o)
 .data_block    0x000000000002b990        0x0 ../../ss/bin/rmd-linux-elf/lib/libc.a(lib_a-fflush.o)
 .data_block    0x000000000002b990        0x0 ../../ss/bin/rmd-linux-elf/lib/libc.a(lib_a-findfp.o)
 .data_block    0x000000000002b990        0x0 ../../ss/bin/rmd-linux-elf/lib/libc.a(lib_a-fputwc.o)
 .data_block    0x000000000002b990        0x0 ../../ss/bin/rmd-linux-elf/lib/libc.a(lib_a-fvwrite.o)
 .data_block    0x000000000002b990        0x0 ../../ss/bin/rmd-linux-elf/lib/libc.a(lib_a-fwalk.o)
 .data_block    0x000000000002b990        0x0 ../../ss/bin/rmd-linux-elf/lib/libc.a(lib_a-gdtoa-gethex.o)
 .data_block    0x000000000002b990        0x0 ../../ss/bin/rmd-linux-elf/lib/libc.a(lib_a-gdtoa-hexnan.o)
 .data_block    0x000000000002b990        0x0 ../../ss/bin/rmd-linux-elf/lib/libc.a(lib_a-gettimeofdayr.o)
 .data_block    0x000000000002b990        0x0 ../../ss/bin/rmd-linux-elf/lib/libc.a(lib_a-locale.o)
 .data_block    0x000000000002b990        0x0 ../../ss/bin/rmd-linux-elf/lib/libc.a(lib_a-makebuf.o)
 .data_block    0x000000000002b990        0x0 ../../ss/bin/rmd-linux-elf/lib/libc.a(lib_a-memchr.o)
 .data_block    0x000000000002b990        0x0 ../../ss/bin/rmd-linux-elf/lib/libc.a(lib_a-memmove.o)
 .data_block    0x000000000002b990        0x0 ../../ss/bin/rmd-linux-elf/lib/libc.a(lib_a-mprec.o)
 .data_block    0x000000000002b990        0x0 ../../ss/bin/rmd-linux-elf/lib/libc.a(lib_a-reent.o)
 .data_block    0x000000000002b990        0x0 ../../ss/bin/rmd-linux-elf/lib/libc.a(lib_a-sf_nan.o)
 .data_block    0x000000000002b990        0x0 ../../ss/bin/rmd-linux-elf/lib/libc.a(lib_a-signal.o)
 .data_block    0x000000000002b990        0x0 ../../ss/bin/rmd-linux-elf/lib/libc.a(lib_a-signalr.o)
 .data_block    0x000000000002b990        0x0 ../../ss/bin/rmd-linux-elf/lib/libc.a(lib_a-stdio.o)
 .data_block    0x000000000002b990        0x0 ../../ss/bin/rmd-linux-elf/lib/libc.a(lib_a-strcmp.o)
 .data_block    0x000000000002b990        0x0 ../../ss/bin/rmd-linux-elf/lib/libc.a(lib_a-strncmp.o)
 .data_block    0x000000000002b990        0x0 ../../ss/bin/rmd-linux-elf/lib/libc.a(lib_a-svfiprintf.o)
 .data_block    0x000000000002b990        0x0 ../../ss/bin/rmd-linux-elf/lib/libc.a(lib_a-wbuf.o)
 .data_block    0x000000000002b990        0x0 ../../ss/bin/rmd-linux-elf/lib/libc.a(lib_a-wcrtomb.o)
 .data_block    0x000000000002b990        0x0 ../../ss/bin/rmd-linux-elf/lib/libc.a(lib_a-wctomb_r.o)
 .data_block    0x000000000002b990        0x0 ../../ss/bin/rmd-linux-elf/lib/libc.a(lib_a-writer.o)
 .data_block    0x000000000002b990        0x0 ../../ss/bin/rmd-linux-elf/lib/libc.a(lib_a-closer.o)
 .data_block    0x000000000002b990        0x0 ../../ss/bin/rmd-linux-elf/lib/libc.a(lib_a-fclose.o)
 .data_block    0x000000000002b990        0x0 ../../ss/bin/rmd-linux-elf/lib/libc.a(lib_a-fstatr.o)
 .data_block    0x000000000002b990        0x0 ../../ss/bin/rmd-linux-elf/lib/libc.a(lib_a-isattyr.o)
 .data_block    0x000000000002b990        0x0 ../../ss/bin/rmd-linux-elf/lib/libc.a(lib_a-lseekr.o)
 .data_block    0x000000000002b990        0x0 ../../ss/bin/rmd-linux-elf/lib/libc.a(lib_a-readr.o)
 .data_block    0x000000000002b990        0x0 ../../ss/bin/rmd-linux-elf/lib/libm.a(lib_a-s_ceil.o)
 .data_block    0x000000000002b990        0x0 ../../ss/bin/rmd-linux-elf/lib/libm.a(lib_a-s_floor.o)
 .data_block    0x000000000002b990        0x0 ../../ss/bin/rmd-linux-elf/lib/libm.a(lib_a-s_sin.o)
 .data_block    0x000000000002b990        0x0 ../../ss/bin/rmd-linux-elf/lib/libm.a(lib_a-w_log.o)
 .data_block    0x000000000002b990        0x0 ../../ss/bin/rmd-linux-elf/lib/libm.a(lib_a-w_pow.o)
 .data_block    0x000000000002b990        0x0 ../../ss/bin/rmd-linux-elf/lib/libm.a(lib_a-e_log.o)
 .data_block    0x000000000002b990        0x0 ../../ss/bin/rmd-linux-elf/lib/libm.a(lib_a-e_pow.o)
 .data_block    0x000000000002b990        0x0 ../../ss/bin/rmd-linux-elf/lib/libm.a(lib_a-e_rem_pio2.o)
 .data_block    0x000000000002b990        0x0 ../../ss/bin/rmd-linux-elf/lib/libm.a(lib_a-e_sqrt.o)
 .data_block    0x000000000002b990        0x0 ../../ss/bin/rmd-linux-elf/lib/libm.a(lib_a-k_cos.o)
 .data_block    0x000000000002b990        0x0 ../../ss/bin/rmd-linux-elf/lib/libm.a(lib_a-k_rem_pio2.o)
 .data_block    0x000000000002b990        0x0 ../../ss/bin/rmd-linux-elf/lib/libm.a(lib_a-k_sin.o)
 .data_block    0x000000000002b990        0x0 ../../ss/bin/rmd-linux-elf/lib/libm.a(lib_a-s_finite.o)
 .data_block    0x000000000002b990        0x0 ../../ss/bin/rmd-linux-elf/lib/libm.a(lib_a-s_lib_ver.o)
 .data_block    0x000000000002b990        0x0 ../../ss/bin/rmd-linux-elf/lib/libm.a(lib_a-s_matherr.o)
 .data_block    0x000000000002b990        0x0 ../../ss/bin/rmd-linux-elf/lib/libm.a(lib_a-s_nan.o)
 .data_block    0x000000000002b990        0x0 ../../ss/bin/rmd-linux-elf/lib/libm.a(lib_a-s_rint.o)
 .data_block    0x000000000002b990        0x0 ../../ss/bin/rmd-linux-elf/lib/libm.a(lib_a-s_scalbn.o)
 .data_block    0x000000000002b990        0x0 ../../ss/bin/rmd-linux-elf/lib/libgloss_lxe.a(close.o)
 .data_block    0x000000000002b990        0x0 ../../ss/bin/rmd-linux-elf/lib/libgloss_lxe.a(fstat.o)
 .data_block    0x000000000002b990        0x0 ../../ss/bin/rmd-linux-elf/lib/libgloss_lxe.a(getpid.o)
 .data_block    0x000000000002b990        0x0 ../../ss/bin/rmd-linux-elf/lib/libgloss_lxe.a(gettod.o)
 .data_block    0x000000000002b990        0x0 ../../ss/bin/rmd-linux-elf/lib/libgloss_lxe.a(isatty.o)
 .data_block    0x000000000002b990        0x0 ../../ss/bin/rmd-linux-elf/lib/libgloss_lxe.a(kill.o)
 .data_block    0x000000000002b990        0x0 ../../ss/bin/rmd-linux-elf/lib/libgloss_lxe.a(lseek.o)
 .data_block    0x000000000002b990        0x0 ../../ss/bin/rmd-linux-elf/lib/libgloss_lxe.a(read.o)
 .data_block    0x000000000002b990        0x0 ../../ss/bin/rmd-linux-elf/lib/libgloss_lxe.a(write.o)
 .data_block    0x000000000002b990        0x0 ../../ss/bin/rmd-linux-elf/lib/libgloss_lxe.a(_exit.o)
 .data_block    0x000000000002b990        0x0 ../../ss/bin/rmd-linux-elf/lib/libgloss_lxe.a(malloc.o)
 .data_block    0x000000000002b990        0x0 ../../ss/bin/rmd-linux-elf/lib/libgloss_lxe.a(mallocr.o)
 .data_block    0x000000000002b990        0x0 ../../ss/bin/rmd-linux-elf/lib/libc.a(lib_a-errno.o)
                0x0000000000033990                _gp = (ALIGN (0x10) + 0x8000)
                0x000000000002b990                edata = .
                0x000000000002b990                _edata = .
                0x000000000002b990                _fbss = .

.bss            0x000000000002b990      0x294
 *(.bss)
 .bss           0x000000000002b990        0x0 ../../ss/bin/rmd-linux-elf/lib/crt0_lxe.o
 .bss           0x000000000002b990       0x40 uts-main.o
                0x000000000002b990                NULL_GUID
                0x000000000002b998                nNodes
                0x000000000002b9a0                nLeaves
                0x000000000002b9a8                maxTreeDepth
 .bss           0x000000000002b9d0        0x0 brg_sha1.o
 .bss           0x000000000002b9d0       0x10 uts.o
                0x000000000002b9d0                rootId
                0x000000000002b9d4                shape_fn
                0x000000000002b9d8                debug
 .bss           0x000000000002b9e0        0x0 ../../ss/runtime/libxe/libxert.a(xe-codelet.o)
 .bss           0x000000000002b9e0        0x8 ../../ss/runtime/libxe/libxert.a(xe-codelet-header.o)
                0x000000000002b9e0                __self
 .bss           0x000000000002b9e8       0x80 ../../ss/runtime/libxe/libxert.a(xe_console.o)
 .bss           0x000000000002ba68        0x0 ../../ss/runtime/libxe/libxert.a(codelet-main.o)
 .bss           0x000000000002ba68        0x0 ../../ss/runtime/libxe/libxert.a(xe_allocators.o)
 .bss           0x000000000002ba68        0x0 ../../ss/runtime/libxe/libxert.a(xe_memory.o)
 .bss           0x000000000002ba68        0x0 ../../ss/runtime/libxe/libxert.a(xe_tlsf-allocator.o)
 .bss           0x000000000002ba68        0x0 ../../ss/runtime/libxe/libxert.a(xe_guid-allocator.o)
 .bss           0x000000000002ba68        0x0 ../../ss/runtime/libxe/libxert.a(xe_utils.o)
 .bss           0x000000000002ba68        0x0 ../../ss/bin/rmd-linux-elf/lib/libc.a(lib_a-assert.o)
 .bss           0x000000000002ba68        0x0 ../../ss/bin/rmd-linux-elf/lib/libc.a(lib_a-atof.o)
 .bss           0x000000000002ba68        0x0 ../../ss/bin/rmd-linux-elf/lib/libc.a(lib_a-atoi.o)
 .bss           0x000000000002ba68        0x0 ../../ss/bin/rmd-linux-elf/lib/libc.a(lib_a-exit.o)
 .bss           0x000000000002ba68        0x0 ../../ss/bin/rmd-linux-elf/lib/libc.a(lib_a-fiprintf.o)
 .bss           0x000000000002ba68        0x0 ../../ss/bin/rmd-linux-elf/lib/libc.a(lib_a-impure.o)
 .bss           0x000000000002ba68        0x0 ../../ss/bin/rmd-linux-elf/lib/libc.a(lib_a-memcpy.o)
 .bss           0x000000000002ba68        0x0 ../../ss/bin/rmd-linux-elf/lib/libc.a(lib_a-memset.o)
 .bss           0x000000000002ba68        0x0 ../../ss/bin/rmd-linux-elf/lib/libc.a(lib_a-printf.o)
 .bss           0x000000000002ba68        0x0 ../../ss/bin/rmd-linux-elf/lib/libc.a(lib_a-sprintf.o)
 .bss           0x000000000002ba68        0x0 ../../ss/bin/rmd-linux-elf/lib/libc.a(lib_a-strcat.o)
 .bss           0x000000000002ba68        0x0 ../../ss/bin/rmd-linux-elf/lib/libc.a(lib_a-strerror.o)
 .bss           0x000000000002ba68        0x0 ../../ss/bin/rmd-linux-elf/lib/libc.a(lib_a-strlen.o)
 .bss           0x000000000002ba68        0x0 ../../ss/bin/rmd-linux-elf/lib/libc.a(lib_a-strtod.o)
 .bss           0x000000000002ba68        0x0 ../../ss/bin/rmd-linux-elf/lib/libc.a(lib_a-strtol.o)
 .bss           0x000000000002ba68        0x0 ../../ss/bin/rmd-linux-elf/lib/libc.a(lib_a-svfprintf.o)
 .bss           0x000000000002ba68        0x0 ../../ss/bin/rmd-linux-elf/lib/libc.a(lib_a-sysgettod.o)
 .bss           0x000000000002ba68        0x0 ../../ss/bin/rmd-linux-elf/lib/libc.a(lib_a-u_strerr.o)
 .bss           0x000000000002ba68        0x0 ../../ss/bin/rmd-linux-elf/lib/libc.a(lib_a-vfiprintf.o)
 .bss           0x000000000002ba68        0x0 ../../ss/bin/rmd-linux-elf/lib/libc.a(lib_a-vfprintf.o)
 .bss           0x000000000002ba68        0x0 ../../ss/bin/rmd-linux-elf/lib/libc.a(lib_a-wsetup.o)
 .bss           0x000000000002ba68        0x0 ../../ss/bin/rmd-linux-elf/lib/libc.a(lib_a-__call_atexit.o)
 .bss           0x000000000002ba68        0x0 ../../ss/bin/rmd-linux-elf/lib/libc.a(lib_a-abort.o)
 .bss           0x000000000002ba68        0x0 ../../ss/bin/rmd-linux-elf/lib/libc.a(lib_a-ctype_.o)
 .bss           0x000000000002ba68        0x0 ../../ss/bin/rmd-linux-elf/lib/libc.a(lib_a-dtoa.o)
 .bss           0x000000000002ba68        0x0 ../../ss/bin/rmd-linux-elf/lib/libc.a(lib_a-fflush.o)
 .bss           0x000000000002ba68        0x0 ../../ss/bin/rmd-linux-elf/lib/libc.a(lib_a-findfp.o)
 .bss           0x000000000002ba68        0x0 ../../ss/bin/rmd-linux-elf/lib/libc.a(lib_a-fputwc.o)
 .bss           0x000000000002ba68        0x0 ../../ss/bin/rmd-linux-elf/lib/libc.a(lib_a-fvwrite.o)
 .bss           0x000000000002ba68        0x0 ../../ss/bin/rmd-linux-elf/lib/libc.a(lib_a-fwalk.o)
 .bss           0x000000000002ba68        0x0 ../../ss/bin/rmd-linux-elf/lib/libc.a(lib_a-gdtoa-gethex.o)
 .bss           0x000000000002ba68        0x0 ../../ss/bin/rmd-linux-elf/lib/libc.a(lib_a-gdtoa-hexnan.o)
 .bss           0x000000000002ba68        0x0 ../../ss/bin/rmd-linux-elf/lib/libc.a(lib_a-gettimeofdayr.o)
 .bss           0x000000000002ba68       0x10 ../../ss/bin/rmd-linux-elf/lib/libc.a(lib_a-locale.o)
                0x000000000002ba68                __nlocale_changed
                0x000000000002ba6c                __mlocale_changed
                0x000000000002ba70                _PathLocale
 .bss           0x000000000002ba78        0x0 ../../ss/bin/rmd-linux-elf/lib/libc.a(lib_a-makebuf.o)
 .bss           0x000000000002ba78        0x0 ../../ss/bin/rmd-linux-elf/lib/libc.a(lib_a-memchr.o)
 .bss           0x000000000002ba78        0x0 ../../ss/bin/rmd-linux-elf/lib/libc.a(lib_a-memmove.o)
 .bss           0x000000000002ba78        0x0 ../../ss/bin/rmd-linux-elf/lib/libc.a(lib_a-mprec.o)
 .bss           0x000000000002ba78        0x0 ../../ss/bin/rmd-linux-elf/lib/libc.a(lib_a-reent.o)
 .bss           0x000000000002ba78        0x0 ../../ss/bin/rmd-linux-elf/lib/libc.a(lib_a-sf_nan.o)
 .bss           0x000000000002ba78        0x0 ../../ss/bin/rmd-linux-elf/lib/libc.a(lib_a-signal.o)
 .bss           0x000000000002ba78        0x0 ../../ss/bin/rmd-linux-elf/lib/libc.a(lib_a-signalr.o)
 .bss           0x000000000002ba78        0x0 ../../ss/bin/rmd-linux-elf/lib/libc.a(lib_a-stdio.o)
 .bss           0x000000000002ba78        0x0 ../../ss/bin/rmd-linux-elf/lib/libc.a(lib_a-strcmp.o)
 .bss           0x000000000002ba78        0x0 ../../ss/bin/rmd-linux-elf/lib/libc.a(lib_a-strncmp.o)
 .bss           0x000000000002ba78        0x0 ../../ss/bin/rmd-linux-elf/lib/libc.a(lib_a-svfiprintf.o)
 .bss           0x000000000002ba78        0x0 ../../ss/bin/rmd-linux-elf/lib/libc.a(lib_a-wbuf.o)
 .bss           0x000000000002ba78        0x0 ../../ss/bin/rmd-linux-elf/lib/libc.a(lib_a-wcrtomb.o)
 .bss           0x000000000002ba78        0x0 ../../ss/bin/rmd-linux-elf/lib/libc.a(lib_a-wctomb_r.o)
 .bss           0x000000000002ba78        0x0 ../../ss/bin/rmd-linux-elf/lib/libc.a(lib_a-writer.o)
 .bss           0x000000000002ba78        0x0 ../../ss/bin/rmd-linux-elf/lib/libc.a(lib_a-closer.o)
 .bss           0x000000000002ba78        0x0 ../../ss/bin/rmd-linux-elf/lib/libc.a(lib_a-fclose.o)
 .bss           0x000000000002ba78        0x0 ../../ss/bin/rmd-linux-elf/lib/libc.a(lib_a-fstatr.o)
 .bss           0x000000000002ba78        0x0 ../../ss/bin/rmd-linux-elf/lib/libc.a(lib_a-isattyr.o)
 .bss           0x000000000002ba78        0x0 ../../ss/bin/rmd-linux-elf/lib/libc.a(lib_a-lseekr.o)
 .bss           0x000000000002ba78        0x0 ../../ss/bin/rmd-linux-elf/lib/libc.a(lib_a-readr.o)
 .bss           0x000000000002ba78        0x0 ../../ss/bin/rmd-linux-elf/lib/libm.a(lib_a-s_ceil.o)
 .bss           0x000000000002ba78        0x0 ../../ss/bin/rmd-linux-elf/lib/libm.a(lib_a-s_floor.o)
 .bss           0x000000000002ba78        0x0 ../../ss/bin/rmd-linux-elf/lib/libm.a(lib_a-s_sin.o)
 .bss           0x000000000002ba78        0x0 ../../ss/bin/rmd-linux-elf/lib/libm.a(lib_a-w_log.o)
 .bss           0x000000000002ba78        0x0 ../../ss/bin/rmd-linux-elf/lib/libm.a(lib_a-w_pow.o)
 .bss           0x000000000002ba78        0x0 ../../ss/bin/rmd-linux-elf/lib/libm.a(lib_a-e_log.o)
 .bss           0x000000000002ba78        0x0 ../../ss/bin/rmd-linux-elf/lib/libm.a(lib_a-e_pow.o)
 .bss           0x000000000002ba78        0x0 ../../ss/bin/rmd-linux-elf/lib/libm.a(lib_a-e_rem_pio2.o)
 .bss           0x000000000002ba78        0x0 ../../ss/bin/rmd-linux-elf/lib/libm.a(lib_a-e_sqrt.o)
 .bss           0x000000000002ba78        0x0 ../../ss/bin/rmd-linux-elf/lib/libm.a(lib_a-k_cos.o)
 .bss           0x000000000002ba78        0x0 ../../ss/bin/rmd-linux-elf/lib/libm.a(lib_a-k_rem_pio2.o)
 .bss           0x000000000002ba78        0x0 ../../ss/bin/rmd-linux-elf/lib/libm.a(lib_a-k_sin.o)
 .bss           0x000000000002ba78        0x0 ../../ss/bin/rmd-linux-elf/lib/libm.a(lib_a-s_finite.o)
 .bss           0x000000000002ba78        0x0 ../../ss/bin/rmd-linux-elf/lib/libm.a(lib_a-s_lib_ver.o)
 .bss           0x000000000002ba78        0x0 ../../ss/bin/rmd-linux-elf/lib/libm.a(lib_a-s_matherr.o)
 .bss           0x000000000002ba78        0x0 ../../ss/bin/rmd-linux-elf/lib/libm.a(lib_a-s_nan.o)
 .bss           0x000000000002ba78        0x0 ../../ss/bin/rmd-linux-elf/lib/libm.a(lib_a-s_rint.o)
 .bss           0x000000000002ba78        0x0 ../../ss/bin/rmd-linux-elf/lib/libm.a(lib_a-s_scalbn.o)
 .bss           0x000000000002ba78        0x0 ../../ss/bin/rmd-linux-elf/lib/libgloss_lxe.a(close.o)
 .bss           0x000000000002ba78        0x0 ../../ss/bin/rmd-linux-elf/lib/libgloss_lxe.a(fstat.o)
 .bss           0x000000000002ba78        0x0 ../../ss/bin/rmd-linux-elf/lib/libgloss_lxe.a(getpid.o)
 .bss           0x000000000002ba78        0x0 ../../ss/bin/rmd-linux-elf/lib/libgloss_lxe.a(gettod.o)
 .bss           0x000000000002ba78        0x0 ../../ss/bin/rmd-linux-elf/lib/libgloss_lxe.a(isatty.o)
 .bss           0x000000000002ba78        0x0 ../../ss/bin/rmd-linux-elf/lib/libgloss_lxe.a(kill.o)
 .bss           0x000000000002ba78        0x0 ../../ss/bin/rmd-linux-elf/lib/libgloss_lxe.a(lseek.o)
 .bss           0x000000000002ba78        0x0 ../../ss/bin/rmd-linux-elf/lib/libgloss_lxe.a(read.o)
 .bss           0x000000000002ba78        0x0 ../../ss/bin/rmd-linux-elf/lib/libgloss_lxe.a(write.o)
 .bss           0x000000000002ba78        0x0 ../../ss/bin/rmd-linux-elf/lib/libgloss_lxe.a(_exit.o)
 .bss           0x000000000002ba78        0x0 ../../ss/bin/rmd-linux-elf/lib/libgloss_lxe.a(malloc.o)
 .bss           0x000000000002ba78        0x0 ../../ss/bin/rmd-linux-elf/lib/libgloss_lxe.a(mallocr.o)
 .bss           0x000000000002ba78        0x0 ../../ss/bin/rmd-linux-elf/lib/libc.a(lib_a-errno.o)
 *(COMMON)
 COMMON         0x000000000002ba78       0x20 uts-main.o
                0x000000000002ba78                pTS_return_scg
                0x000000000002ba80                main_pre_scg
                0x000000000002ba88                main_pre_clg
                0x000000000002ba90                pTS_return_clg
 *fill*         0x000000000002ba98        0x8 00
 COMMON         0x000000000002baa0       0x50 ../../ss/runtime/libxe/libxert.a(xe-codelet-header.o)
                0x000000000002baa0                myXE_struct
 COMMON         0x000000000002baf0       0x30 ../../ss/runtime/libxe/libxert.a(xe_allocators.o)
                0x000000000002baf0                xe_playgrounds_from_ce
                0x000000000002bb10                xe_playgrounds
 COMMON         0x000000000002bb20      0x100 ../../ss/bin/rmd-linux-elf/lib/libc.a(lib_a-gdtoa-gethex.o)
                0x000000000002bb20                __hexdig
 COMMON         0x000000000002bc20        0x4 ../../ss/bin/rmd-linux-elf/lib/libc.a(lib_a-reent.o)
                0x000000000002bc20                errno

.bss_local      0x000000000002bc28        0x0
 *(.bss_local)
 .bss_local     0x000000000002bc28        0x0 ../../ss/bin/rmd-linux-elf/lib/crt0_lxe.o
 .bss_local     0x000000000002bc28        0x0 ../../ss/bin/rmd-linux-elf/lib/libc.a(lib_a-assert.o)
 .bss_local     0x000000000002bc28        0x0 ../../ss/bin/rmd-linux-elf/lib/libc.a(lib_a-atof.o)
 .bss_local     0x000000000002bc28        0x0 ../../ss/bin/rmd-linux-elf/lib/libc.a(lib_a-atoi.o)
 .bss_local     0x000000000002bc28        0x0 ../../ss/bin/rmd-linux-elf/lib/libc.a(lib_a-exit.o)
 .bss_local     0x000000000002bc28        0x0 ../../ss/bin/rmd-linux-elf/lib/libc.a(lib_a-fiprintf.o)
 .bss_local     0x000000000002bc28        0x0 ../../ss/bin/rmd-linux-elf/lib/libc.a(lib_a-impure.o)
 .bss_local     0x000000000002bc28        0x0 ../../ss/bin/rmd-linux-elf/lib/libc.a(lib_a-memcpy.o)
 .bss_local     0x000000000002bc28        0x0 ../../ss/bin/rmd-linux-elf/lib/libc.a(lib_a-memset.o)
 .bss_local     0x000000000002bc28        0x0 ../../ss/bin/rmd-linux-elf/lib/libc.a(lib_a-printf.o)
 .bss_local     0x000000000002bc28        0x0 ../../ss/bin/rmd-linux-elf/lib/libc.a(lib_a-sprintf.o)
 .bss_local     0x000000000002bc28        0x0 ../../ss/bin/rmd-linux-elf/lib/libc.a(lib_a-strcat.o)
 .bss_local     0x000000000002bc28        0x0 ../../ss/bin/rmd-linux-elf/lib/libc.a(lib_a-strerror.o)
 .bss_local     0x000000000002bc28        0x0 ../../ss/bin/rmd-linux-elf/lib/libc.a(lib_a-strlen.o)
 .bss_local     0x000000000002bc28        0x0 ../../ss/bin/rmd-linux-elf/lib/libc.a(lib_a-strtod.o)
 .bss_local     0x000000000002bc28        0x0 ../../ss/bin/rmd-linux-elf/lib/libc.a(lib_a-strtol.o)
 .bss_local     0x000000000002bc28        0x0 ../../ss/bin/rmd-linux-elf/lib/libc.a(lib_a-svfprintf.o)
 .bss_local     0x000000000002bc28        0x0 ../../ss/bin/rmd-linux-elf/lib/libc.a(lib_a-sysgettod.o)
 .bss_local     0x000000000002bc28        0x0 ../../ss/bin/rmd-linux-elf/lib/libc.a(lib_a-u_strerr.o)
 .bss_local     0x000000000002bc28        0x0 ../../ss/bin/rmd-linux-elf/lib/libc.a(lib_a-vfiprintf.o)
 .bss_local     0x000000000002bc28        0x0 ../../ss/bin/rmd-linux-elf/lib/libc.a(lib_a-vfprintf.o)
 .bss_local     0x000000000002bc28        0x0 ../../ss/bin/rmd-linux-elf/lib/libc.a(lib_a-wsetup.o)
 .bss_local     0x000000000002bc28        0x0 ../../ss/bin/rmd-linux-elf/lib/libc.a(lib_a-__call_atexit.o)
 .bss_local     0x000000000002bc28        0x0 ../../ss/bin/rmd-linux-elf/lib/libc.a(lib_a-abort.o)
 .bss_local     0x000000000002bc28        0x0 ../../ss/bin/rmd-linux-elf/lib/libc.a(lib_a-ctype_.o)
 .bss_local     0x000000000002bc28        0x0 ../../ss/bin/rmd-linux-elf/lib/libc.a(lib_a-dtoa.o)
 .bss_local     0x000000000002bc28        0x0 ../../ss/bin/rmd-linux-elf/lib/libc.a(lib_a-fflush.o)
 .bss_local     0x000000000002bc28        0x0 ../../ss/bin/rmd-linux-elf/lib/libc.a(lib_a-findfp.o)
 .bss_local     0x000000000002bc28        0x0 ../../ss/bin/rmd-linux-elf/lib/libc.a(lib_a-fputwc.o)
 .bss_local     0x000000000002bc28        0x0 ../../ss/bin/rmd-linux-elf/lib/libc.a(lib_a-fvwrite.o)
 .bss_local     0x000000000002bc28        0x0 ../../ss/bin/rmd-linux-elf/lib/libc.a(lib_a-fwalk.o)
 .bss_local     0x000000000002bc28        0x0 ../../ss/bin/rmd-linux-elf/lib/libc.a(lib_a-gdtoa-gethex.o)
 .bss_local     0x000000000002bc28        0x0 ../../ss/bin/rmd-linux-elf/lib/libc.a(lib_a-gdtoa-hexnan.o)
 .bss_local     0x000000000002bc28        0x0 ../../ss/bin/rmd-linux-elf/lib/libc.a(lib_a-gettimeofdayr.o)
 .bss_local     0x000000000002bc28        0x0 ../../ss/bin/rmd-linux-elf/lib/libc.a(lib_a-locale.o)
 .bss_local     0x000000000002bc28        0x0 ../../ss/bin/rmd-linux-elf/lib/libc.a(lib_a-makebuf.o)
 .bss_local     0x000000000002bc28        0x0 ../../ss/bin/rmd-linux-elf/lib/libc.a(lib_a-memchr.o)
 .bss_local     0x000000000002bc28        0x0 ../../ss/bin/rmd-linux-elf/lib/libc.a(lib_a-memmove.o)
 .bss_local     0x000000000002bc28        0x0 ../../ss/bin/rmd-linux-elf/lib/libc.a(lib_a-mprec.o)
 .bss_local     0x000000000002bc28        0x0 ../../ss/bin/rmd-linux-elf/lib/libc.a(lib_a-reent.o)
 .bss_local     0x000000000002bc28        0x0 ../../ss/bin/rmd-linux-elf/lib/libc.a(lib_a-sf_nan.o)
 .bss_local     0x000000000002bc28        0x0 ../../ss/bin/rmd-linux-elf/lib/libc.a(lib_a-signal.o)
 .bss_local     0x000000000002bc28        0x0 ../../ss/bin/rmd-linux-elf/lib/libc.a(lib_a-signalr.o)
 .bss_local     0x000000000002bc28        0x0 ../../ss/bin/rmd-linux-elf/lib/libc.a(lib_a-stdio.o)
 .bss_local     0x000000000002bc28        0x0 ../../ss/bin/rmd-linux-elf/lib/libc.a(lib_a-strcmp.o)
 .bss_local     0x000000000002bc28        0x0 ../../ss/bin/rmd-linux-elf/lib/libc.a(lib_a-strncmp.o)
 .bss_local     0x000000000002bc28        0x0 ../../ss/bin/rmd-linux-elf/lib/libc.a(lib_a-svfiprintf.o)
 .bss_local     0x000000000002bc28        0x0 ../../ss/bin/rmd-linux-elf/lib/libc.a(lib_a-wbuf.o)
 .bss_local     0x000000000002bc28        0x0 ../../ss/bin/rmd-linux-elf/lib/libc.a(lib_a-wcrtomb.o)
 .bss_local     0x000000000002bc28        0x0 ../../ss/bin/rmd-linux-elf/lib/libc.a(lib_a-wctomb_r.o)
 .bss_local     0x000000000002bc28        0x0 ../../ss/bin/rmd-linux-elf/lib/libc.a(lib_a-writer.o)
 .bss_local     0x000000000002bc28        0x0 ../../ss/bin/rmd-linux-elf/lib/libc.a(lib_a-closer.o)
 .bss_local     0x000000000002bc28        0x0 ../../ss/bin/rmd-linux-elf/lib/libc.a(lib_a-fclose.o)
 .bss_local     0x000000000002bc28        0x0 ../../ss/bin/rmd-linux-elf/lib/libc.a(lib_a-fstatr.o)
 .bss_local     0x000000000002bc28        0x0 ../../ss/bin/rmd-linux-elf/lib/libc.a(lib_a-isattyr.o)
 .bss_local     0x000000000002bc28        0x0 ../../ss/bin/rmd-linux-elf/lib/libc.a(lib_a-lseekr.o)
 .bss_local     0x000000000002bc28        0x0 ../../ss/bin/rmd-linux-elf/lib/libc.a(lib_a-readr.o)
 .bss_local     0x000000000002bc28        0x0 ../../ss/bin/rmd-linux-elf/lib/libm.a(lib_a-s_ceil.o)
 .bss_local     0x000000000002bc28        0x0 ../../ss/bin/rmd-linux-elf/lib/libm.a(lib_a-s_floor.o)
 .bss_local     0x000000000002bc28        0x0 ../../ss/bin/rmd-linux-elf/lib/libm.a(lib_a-s_sin.o)
 .bss_local     0x000000000002bc28        0x0 ../../ss/bin/rmd-linux-elf/lib/libm.a(lib_a-w_log.o)
 .bss_local     0x000000000002bc28        0x0 ../../ss/bin/rmd-linux-elf/lib/libm.a(lib_a-w_pow.o)
 .bss_local     0x000000000002bc28        0x0 ../../ss/bin/rmd-linux-elf/lib/libm.a(lib_a-e_log.o)
 .bss_local     0x000000000002bc28        0x0 ../../ss/bin/rmd-linux-elf/lib/libm.a(lib_a-e_pow.o)
 .bss_local     0x000000000002bc28        0x0 ../../ss/bin/rmd-linux-elf/lib/libm.a(lib_a-e_rem_pio2.o)
 .bss_local     0x000000000002bc28        0x0 ../../ss/bin/rmd-linux-elf/lib/libm.a(lib_a-e_sqrt.o)
 .bss_local     0x000000000002bc28        0x0 ../../ss/bin/rmd-linux-elf/lib/libm.a(lib_a-k_cos.o)
 .bss_local     0x000000000002bc28        0x0 ../../ss/bin/rmd-linux-elf/lib/libm.a(lib_a-k_rem_pio2.o)
 .bss_local     0x000000000002bc28        0x0 ../../ss/bin/rmd-linux-elf/lib/libm.a(lib_a-k_sin.o)
 .bss_local     0x000000000002bc28        0x0 ../../ss/bin/rmd-linux-elf/lib/libm.a(lib_a-s_finite.o)
 .bss_local     0x000000000002bc28        0x0 ../../ss/bin/rmd-linux-elf/lib/libm.a(lib_a-s_lib_ver.o)
 .bss_local     0x000000000002bc28        0x0 ../../ss/bin/rmd-linux-elf/lib/libm.a(lib_a-s_matherr.o)
 .bss_local     0x000000000002bc28        0x0 ../../ss/bin/rmd-linux-elf/lib/libm.a(lib_a-s_nan.o)
 .bss_local     0x000000000002bc28        0x0 ../../ss/bin/rmd-linux-elf/lib/libm.a(lib_a-s_rint.o)
 .bss_local     0x000000000002bc28        0x0 ../../ss/bin/rmd-linux-elf/lib/libm.a(lib_a-s_scalbn.o)
 .bss_local     0x000000000002bc28        0x0 ../../ss/bin/rmd-linux-elf/lib/libgloss_lxe.a(close.o)
 .bss_local     0x000000000002bc28        0x0 ../../ss/bin/rmd-linux-elf/lib/libgloss_lxe.a(fstat.o)
 .bss_local     0x000000000002bc28        0x0 ../../ss/bin/rmd-linux-elf/lib/libgloss_lxe.a(getpid.o)
 .bss_local     0x000000000002bc28        0x0 ../../ss/bin/rmd-linux-elf/lib/libgloss_lxe.a(gettod.o)
 .bss_local     0x000000000002bc28        0x0 ../../ss/bin/rmd-linux-elf/lib/libgloss_lxe.a(isatty.o)
 .bss_local     0x000000000002bc28        0x0 ../../ss/bin/rmd-linux-elf/lib/libgloss_lxe.a(kill.o)
 .bss_local     0x000000000002bc28        0x0 ../../ss/bin/rmd-linux-elf/lib/libgloss_lxe.a(lseek.o)
 .bss_local     0x000000000002bc28        0x0 ../../ss/bin/rmd-linux-elf/lib/libgloss_lxe.a(read.o)
 .bss_local     0x000000000002bc28        0x0 ../../ss/bin/rmd-linux-elf/lib/libgloss_lxe.a(write.o)
 .bss_local     0x000000000002bc28        0x0 ../../ss/bin/rmd-linux-elf/lib/libgloss_lxe.a(_exit.o)
 .bss_local     0x000000000002bc28        0x0 ../../ss/bin/rmd-linux-elf/lib/libgloss_lxe.a(malloc.o)
 .bss_local     0x000000000002bc28        0x0 ../../ss/bin/rmd-linux-elf/lib/libgloss_lxe.a(mallocr.o)
 .bss_local     0x000000000002bc28        0x0 ../../ss/bin/rmd-linux-elf/lib/libc.a(lib_a-errno.o)
 *(COMMON_LOCAL)

.bss_block      0x000000000002bc28        0x0
 *(.bss_block)
 .bss_block     0x000000000002bc28        0x0 ../../ss/bin/rmd-linux-elf/lib/crt0_lxe.o
 .bss_block     0x000000000002bc28        0x0 ../../ss/bin/rmd-linux-elf/lib/libc.a(lib_a-assert.o)
 .bss_block     0x000000000002bc28        0x0 ../../ss/bin/rmd-linux-elf/lib/libc.a(lib_a-atof.o)
 .bss_block     0x000000000002bc28        0x0 ../../ss/bin/rmd-linux-elf/lib/libc.a(lib_a-atoi.o)
 .bss_block     0x000000000002bc28        0x0 ../../ss/bin/rmd-linux-elf/lib/libc.a(lib_a-exit.o)
 .bss_block     0x000000000002bc28        0x0 ../../ss/bin/rmd-linux-elf/lib/libc.a(lib_a-fiprintf.o)
 .bss_block     0x000000000002bc28        0x0 ../../ss/bin/rmd-linux-elf/lib/libc.a(lib_a-impure.o)
 .bss_block     0x000000000002bc28        0x0 ../../ss/bin/rmd-linux-elf/lib/libc.a(lib_a-memcpy.o)
 .bss_block     0x000000000002bc28        0x0 ../../ss/bin/rmd-linux-elf/lib/libc.a(lib_a-memset.o)
 .bss_block     0x000000000002bc28        0x0 ../../ss/bin/rmd-linux-elf/lib/libc.a(lib_a-printf.o)
 .bss_block     0x000000000002bc28        0x0 ../../ss/bin/rmd-linux-elf/lib/libc.a(lib_a-sprintf.o)
 .bss_block     0x000000000002bc28        0x0 ../../ss/bin/rmd-linux-elf/lib/libc.a(lib_a-strcat.o)
 .bss_block     0x000000000002bc28        0x0 ../../ss/bin/rmd-linux-elf/lib/libc.a(lib_a-strerror.o)
 .bss_block     0x000000000002bc28        0x0 ../../ss/bin/rmd-linux-elf/lib/libc.a(lib_a-strlen.o)
 .bss_block     0x000000000002bc28        0x0 ../../ss/bin/rmd-linux-elf/lib/libc.a(lib_a-strtod.o)
 .bss_block     0x000000000002bc28        0x0 ../../ss/bin/rmd-linux-elf/lib/libc.a(lib_a-strtol.o)
 .bss_block     0x000000000002bc28        0x0 ../../ss/bin/rmd-linux-elf/lib/libc.a(lib_a-svfprintf.o)
 .bss_block     0x000000000002bc28        0x0 ../../ss/bin/rmd-linux-elf/lib/libc.a(lib_a-sysgettod.o)
 .bss_block     0x000000000002bc28        0x0 ../../ss/bin/rmd-linux-elf/lib/libc.a(lib_a-u_strerr.o)
 .bss_block     0x000000000002bc28        0x0 ../../ss/bin/rmd-linux-elf/lib/libc.a(lib_a-vfiprintf.o)
 .bss_block     0x000000000002bc28        0x0 ../../ss/bin/rmd-linux-elf/lib/libc.a(lib_a-vfprintf.o)
 .bss_block     0x000000000002bc28        0x0 ../../ss/bin/rmd-linux-elf/lib/libc.a(lib_a-wsetup.o)
 .bss_block     0x000000000002bc28        0x0 ../../ss/bin/rmd-linux-elf/lib/libc.a(lib_a-__call_atexit.o)
 .bss_block     0x000000000002bc28        0x0 ../../ss/bin/rmd-linux-elf/lib/libc.a(lib_a-abort.o)
 .bss_block     0x000000000002bc28        0x0 ../../ss/bin/rmd-linux-elf/lib/libc.a(lib_a-ctype_.o)
 .bss_block     0x000000000002bc28        0x0 ../../ss/bin/rmd-linux-elf/lib/libc.a(lib_a-dtoa.o)
 .bss_block     0x000000000002bc28        0x0 ../../ss/bin/rmd-linux-elf/lib/libc.a(lib_a-fflush.o)
 .bss_block     0x000000000002bc28        0x0 ../../ss/bin/rmd-linux-elf/lib/libc.a(lib_a-findfp.o)
 .bss_block     0x000000000002bc28        0x0 ../../ss/bin/rmd-linux-elf/lib/libc.a(lib_a-fputwc.o)
 .bss_block     0x000000000002bc28        0x0 ../../ss/bin/rmd-linux-elf/lib/libc.a(lib_a-fvwrite.o)
 .bss_block     0x000000000002bc28        0x0 ../../ss/bin/rmd-linux-elf/lib/libc.a(lib_a-fwalk.o)
 .bss_block     0x000000000002bc28        0x0 ../../ss/bin/rmd-linux-elf/lib/libc.a(lib_a-gdtoa-gethex.o)
 .bss_block     0x000000000002bc28        0x0 ../../ss/bin/rmd-linux-elf/lib/libc.a(lib_a-gdtoa-hexnan.o)
 .bss_block     0x000000000002bc28        0x0 ../../ss/bin/rmd-linux-elf/lib/libc.a(lib_a-gettimeofdayr.o)
 .bss_block     0x000000000002bc28        0x0 ../../ss/bin/rmd-linux-elf/lib/libc.a(lib_a-locale.o)
 .bss_block     0x000000000002bc28        0x0 ../../ss/bin/rmd-linux-elf/lib/libc.a(lib_a-makebuf.o)
 .bss_block     0x000000000002bc28        0x0 ../../ss/bin/rmd-linux-elf/lib/libc.a(lib_a-memchr.o)
 .bss_block     0x000000000002bc28        0x0 ../../ss/bin/rmd-linux-elf/lib/libc.a(lib_a-memmove.o)
 .bss_block     0x000000000002bc28        0x0 ../../ss/bin/rmd-linux-elf/lib/libc.a(lib_a-mprec.o)
 .bss_block     0x000000000002bc28        0x0 ../../ss/bin/rmd-linux-elf/lib/libc.a(lib_a-reent.o)
 .bss_block     0x000000000002bc28        0x0 ../../ss/bin/rmd-linux-elf/lib/libc.a(lib_a-sf_nan.o)
 .bss_block     0x000000000002bc28        0x0 ../../ss/bin/rmd-linux-elf/lib/libc.a(lib_a-signal.o)
 .bss_block     0x000000000002bc28        0x0 ../../ss/bin/rmd-linux-elf/lib/libc.a(lib_a-signalr.o)
 .bss_block     0x000000000002bc28        0x0 ../../ss/bin/rmd-linux-elf/lib/libc.a(lib_a-stdio.o)
 .bss_block     0x000000000002bc28        0x0 ../../ss/bin/rmd-linux-elf/lib/libc.a(lib_a-strcmp.o)
 .bss_block     0x000000000002bc28        0x0 ../../ss/bin/rmd-linux-elf/lib/libc.a(lib_a-strncmp.o)
 .bss_block     0x000000000002bc28        0x0 ../../ss/bin/rmd-linux-elf/lib/libc.a(lib_a-svfiprintf.o)
 .bss_block     0x000000000002bc28        0x0 ../../ss/bin/rmd-linux-elf/lib/libc.a(lib_a-wbuf.o)
 .bss_block     0x000000000002bc28        0x0 ../../ss/bin/rmd-linux-elf/lib/libc.a(lib_a-wcrtomb.o)
 .bss_block     0x000000000002bc28        0x0 ../../ss/bin/rmd-linux-elf/lib/libc.a(lib_a-wctomb_r.o)
 .bss_block     0x000000000002bc28        0x0 ../../ss/bin/rmd-linux-elf/lib/libc.a(lib_a-writer.o)
 .bss_block     0x000000000002bc28        0x0 ../../ss/bin/rmd-linux-elf/lib/libc.a(lib_a-closer.o)
 .bss_block     0x000000000002bc28        0x0 ../../ss/bin/rmd-linux-elf/lib/libc.a(lib_a-fclose.o)
 .bss_block     0x000000000002bc28        0x0 ../../ss/bin/rmd-linux-elf/lib/libc.a(lib_a-fstatr.o)
 .bss_block     0x000000000002bc28        0x0 ../../ss/bin/rmd-linux-elf/lib/libc.a(lib_a-isattyr.o)
 .bss_block     0x000000000002bc28        0x0 ../../ss/bin/rmd-linux-elf/lib/libc.a(lib_a-lseekr.o)
 .bss_block     0x000000000002bc28        0x0 ../../ss/bin/rmd-linux-elf/lib/libc.a(lib_a-readr.o)
 .bss_block     0x000000000002bc28        0x0 ../../ss/bin/rmd-linux-elf/lib/libm.a(lib_a-s_ceil.o)
 .bss_block     0x000000000002bc28        0x0 ../../ss/bin/rmd-linux-elf/lib/libm.a(lib_a-s_floor.o)
 .bss_block     0x000000000002bc28        0x0 ../../ss/bin/rmd-linux-elf/lib/libm.a(lib_a-s_sin.o)
 .bss_block     0x000000000002bc28        0x0 ../../ss/bin/rmd-linux-elf/lib/libm.a(lib_a-w_log.o)
 .bss_block     0x000000000002bc28        0x0 ../../ss/bin/rmd-linux-elf/lib/libm.a(lib_a-w_pow.o)
 .bss_block     0x000000000002bc28        0x0 ../../ss/bin/rmd-linux-elf/lib/libm.a(lib_a-e_log.o)
 .bss_block     0x000000000002bc28        0x0 ../../ss/bin/rmd-linux-elf/lib/libm.a(lib_a-e_pow.o)
 .bss_block     0x000000000002bc28        0x0 ../../ss/bin/rmd-linux-elf/lib/libm.a(lib_a-e_rem_pio2.o)
 .bss_block     0x000000000002bc28        0x0 ../../ss/bin/rmd-linux-elf/lib/libm.a(lib_a-e_sqrt.o)
 .bss_block     0x000000000002bc28        0x0 ../../ss/bin/rmd-linux-elf/lib/libm.a(lib_a-k_cos.o)
 .bss_block     0x000000000002bc28        0x0 ../../ss/bin/rmd-linux-elf/lib/libm.a(lib_a-k_rem_pio2.o)
 .bss_block     0x000000000002bc28        0x0 ../../ss/bin/rmd-linux-elf/lib/libm.a(lib_a-k_sin.o)
 .bss_block     0x000000000002bc28        0x0 ../../ss/bin/rmd-linux-elf/lib/libm.a(lib_a-s_finite.o)
 .bss_block     0x000000000002bc28        0x0 ../../ss/bin/rmd-linux-elf/lib/libm.a(lib_a-s_lib_ver.o)
 .bss_block     0x000000000002bc28        0x0 ../../ss/bin/rmd-linux-elf/lib/libm.a(lib_a-s_matherr.o)
 .bss_block     0x000000000002bc28        0x0 ../../ss/bin/rmd-linux-elf/lib/libm.a(lib_a-s_nan.o)
 .bss_block     0x000000000002bc28        0x0 ../../ss/bin/rmd-linux-elf/lib/libm.a(lib_a-s_rint.o)
 .bss_block     0x000000000002bc28        0x0 ../../ss/bin/rmd-linux-elf/lib/libm.a(lib_a-s_scalbn.o)
 .bss_block     0x000000000002bc28        0x0 ../../ss/bin/rmd-linux-elf/lib/libgloss_lxe.a(close.o)
 .bss_block     0x000000000002bc28        0x0 ../../ss/bin/rmd-linux-elf/lib/libgloss_lxe.a(fstat.o)
 .bss_block     0x000000000002bc28        0x0 ../../ss/bin/rmd-linux-elf/lib/libgloss_lxe.a(getpid.o)
 .bss_block     0x000000000002bc28        0x0 ../../ss/bin/rmd-linux-elf/lib/libgloss_lxe.a(gettod.o)
 .bss_block     0x000000000002bc28        0x0 ../../ss/bin/rmd-linux-elf/lib/libgloss_lxe.a(isatty.o)
 .bss_block     0x000000000002bc28        0x0 ../../ss/bin/rmd-linux-elf/lib/libgloss_lxe.a(kill.o)
 .bss_block     0x000000000002bc28        0x0 ../../ss/bin/rmd-linux-elf/lib/libgloss_lxe.a(lseek.o)
 .bss_block     0x000000000002bc28        0x0 ../../ss/bin/rmd-linux-elf/lib/libgloss_lxe.a(read.o)
 .bss_block     0x000000000002bc28        0x0 ../../ss/bin/rmd-linux-elf/lib/libgloss_lxe.a(write.o)
 .bss_block     0x000000000002bc28        0x0 ../../ss/bin/rmd-linux-elf/lib/libgloss_lxe.a(_exit.o)
 .bss_block     0x000000000002bc28        0x0 ../../ss/bin/rmd-linux-elf/lib/libgloss_lxe.a(malloc.o)
 .bss_block     0x000000000002bc28        0x0 ../../ss/bin/rmd-linux-elf/lib/libgloss_lxe.a(mallocr.o)
 .bss_block     0x000000000002bc28        0x0 ../../ss/bin/rmd-linux-elf/lib/libc.a(lib_a-errno.o)
 *(COMMON_BLOCK)
                0x000000000002bc28                end = .
                0x000000000002bc28                _end = .
LOAD uts-main.o
LOAD brg_sha1.o
LOAD uts.o
LOAD ../../ss/runtime/libxe/libxert.a
START GROUP
LOAD ../../ss/bin/rmd-linux-elf/lib/libc.a
LOAD ../../ss/bin/rmd-linux-elf/lib/libg.a
LOAD ../../ss/bin/rmd-linux-elf/lib/libm.a
LOAD ../../ss/bin/rmd-linux-elf/lib/libgloss_lxe.a
END GROUP
OUTPUT(uts-main elf32-rmd)
